\BOOKMARK [1][-]{Doc-Start}{\376\377\004\022\004\062\004\065\004\064\004\065\004\075\004\070\004\065}{}% 1
\BOOKMARK [1][-]{section.1}{\376\377\004\036\004\061\004\067\004\076\004\100\000\040\004\077\004\076\004\064\004\105\004\076\004\064\004\076\004\062\000\040\004\072\000\040\004\077\004\100\004\076\004\063\004\075\004\076\004\067\004\070\004\100\004\076\004\062\004\060\004\075\004\070\004\116\000\040\004\062\004\100\004\065\004\074\004\065\004\075\004\075\004\113\004\105\000\040\004\100\004\117\004\064\004\076\004\062}{}% 2
\BOOKMARK [2][-]{subsection.1.1}{\376\377\004\022\004\100\004\065\004\074\004\065\004\075\004\075\004\113\004\065\000\040\004\100\004\117\004\064\004\113\000\040\004\070\000\040\004\067\004\060\004\064\004\060\004\107\004\060\000\040\004\077\004\100\004\076\004\063\004\075\004\076\004\067\004\070\004\100\004\076\004\062\004\060\004\075\004\070\004\117}{section.1}% 3
\BOOKMARK [3][-]{subsubsection.1.1.1}{\376\377\004\036\004\101\004\075\004\076\004\062\004\075\004\113\004\065\000\040\004\076\004\077\004\100\004\065\004\064\004\065\004\073\004\065\004\075\004\070\004\117}{subsection.1.1}% 4
\BOOKMARK [3][-]{subsubsection.1.1.2}{\376\377\004\037\004\076\004\101\004\102\004\060\004\075\004\076\004\062\004\072\004\060\000\040\004\067\004\060\004\064\004\060\004\107\004\070\000\040\004\077\004\100\004\076\004\063\004\075\004\076\004\067\004\070\004\100\004\076\004\062\004\060\004\075\004\070\004\117}{subsection.1.1}% 5
\BOOKMARK [3][-]{subsubsection.1.1.3}{\376\377\004\034\004\065\004\102\004\100\004\070\004\072\004\070\000\040\004\072\004\060\004\107\004\065\004\101\004\102\004\062\004\060\000\040\004\077\004\100\004\076\004\063\004\075\004\076\004\067\004\060}{subsection.1.1}% 6
\BOOKMARK [2][-]{subsection.1.2}{\376\377\004\032\004\073\004\060\004\101\004\101\004\070\004\107\004\065\004\101\004\072\004\070\004\065\000\040\004\101\004\102\004\060\004\102\004\070\004\101\004\102\004\070\004\107\004\065\004\101\004\072\004\070\004\065\000\040\004\074\004\076\004\064\004\065\004\073\004\070}{section.1}% 7
\BOOKMARK [3][-]{subsubsection.1.2.1}{\376\377\004\034\004\076\004\064\004\065\004\073\004\070\000\040\000A\000R\000I\000M\000A\000\040\004\070\000\040\000S\000A\000R\000I\000M\000A}{subsection.1.2}% 8
\BOOKMARK [3][-]{subsubsection.1.2.2}{\376\377\004\034\004\076\004\064\004\065\004\073\004\070\000\040\004\115\004\072\004\101\004\077\004\076\004\075\004\065\004\075\004\106\004\070\004\060\004\073\004\114\004\075\004\076\004\063\004\076\000\040\004\101\004\063\004\073\004\060\004\066\004\070\004\062\004\060\004\075\004\070\004\117\000\040\000\050\000E\000T\000S\000\051}{subsection.1.2}% 9
\BOOKMARK [3][-]{subsubsection.1.2.3}{\376\377\004\034\004\076\004\064\004\065\004\073\004\114\000\040\000P\000r\000o\000p\000h\000e\000t}{subsection.1.2}% 10
\BOOKMARK [2][-]{subsection.1.3}{\376\377\004\024\004\065\004\072\004\076\004\074\004\077\004\076\004\067\004\070\004\106\004\070\004\117\000\040\004\062\004\100\004\065\004\074\004\065\004\075\004\075\004\113\004\105\000\040\004\100\004\117\004\064\004\076\004\062}{section.1}% 11
\BOOKMARK [3][-]{subsubsection.1.3.1}{\376\377\004\044\004\070\004\072\004\101\004\070\004\100\004\076\004\062\004\060\004\075\004\075\004\060\004\117\000\040\004\064\004\065\004\072\004\076\004\074\004\077\004\076\004\067\004\070\004\106\004\070\004\117}{subsection.1.3}% 12
\BOOKMARK [3][-]{subsubsection.1.3.2}{\376\377\004\036\004\061\004\103\004\107\004\060\004\065\004\074\004\060\004\117\000\040\004\064\004\065\004\072\004\076\004\074\004\077\004\076\004\067\004\070\004\106\004\070\004\117}{subsection.1.3}% 13
\BOOKMARK [2][-]{subsection.1.4}{\376\377\004\035\004\065\004\071\004\100\004\076\004\101\004\065\004\102\004\065\004\062\004\113\004\065\000\040\004\074\004\076\004\064\004\065\004\073\004\070\000\040\004\064\004\073\004\117\000\040\004\062\004\100\004\065\004\074\004\065\004\075\004\075\004\113\004\105\000\040\004\100\004\117\004\064\004\076\004\062}{section.1}% 14
\BOOKMARK [3][-]{subsubsection.1.4.1}{\376\377\004\034\004\065\004\105\004\060\004\075\004\070\004\067\004\074\000\040\004\062\004\075\004\070\004\074\004\060\004\075\004\070\004\117\000\040\004\070\000\040\004\060\004\100\004\105\004\070\004\102\004\065\004\072\004\102\004\103\004\100\004\060\000\040\004\102\004\100\004\060\004\075\004\101\004\104\004\076\004\100\004\074\004\065\004\100\004\060}{subsection.1.4}% 15
\BOOKMARK [3][-]{subsubsection.1.4.2}{\376\377\000A\000u\000t\000o\000f\000o\000r\000m\000e\000r}{subsection.1.4}% 16
\BOOKMARK [3][-]{subsubsection.1.4.3}{\376\377\000F\000E\000D\000f\000o\000r\000m\000e\000r}{subsection.1.4}% 17
\BOOKMARK [3][-]{subsubsection.1.4.4}{\376\377\000P\000a\000t\000c\000h\000T\000S\000T}{subsection.1.4}% 18
\BOOKMARK [3][-]{subsubsection.1.4.5}{\376\377\000D\000L\000i\000n\000e\000a\000r}{subsection.1.4}% 19
\BOOKMARK [3][-]{subsubsection.1.4.6}{\376\377\000N\000-\000B\000E\000A\000T\000S}{subsection.1.4}% 20
\BOOKMARK [3][-]{subsubsection.1.4.7}{\376\377\000T\000i\000m\000e\000s\000N\000e\000t}{subsection.1.4}% 21
\BOOKMARK [3][-]{subsubsection.1.4.8}{\376\377\000H\000e\000l\000f\000o\000r\000m\000e\000r}{subsection.1.4}% 22
\BOOKMARK [3][-]{subsubsection.1.4.9}{\376\377\004\030\004\102\004\076\004\063\004\070\000\040\004\101\004\100\004\060\004\062\004\075\004\070\004\102\004\065\004\073\004\114\004\075\004\076\004\063\004\076\000\040\004\060\004\075\004\060\004\073\004\070\004\067\004\060\000\040\004\074\004\076\004\064\004\065\004\073\004\065\004\071}{subsection.1.4}% 23
\BOOKMARK [2][-]{subsection.1.5}{\376\377\004\041\004\076\004\100\004\065\004\062\004\075\004\076\004\062\004\060\004\075\004\070\004\117\000\040\004\077\004\076\000\040\004\077\004\100\004\076\004\063\004\075\004\076\004\067\004\070\004\100\004\076\004\062\004\060\004\075\004\070\004\116\000\040\004\062\004\100\004\065\004\074\004\065\004\075\004\075\004\113\004\105\000\040\004\100\004\117\004\064\004\076\004\062}{section.1}% 24
\BOOKMARK [2][-]{subsection.1.6}{\376\377\004\022\004\113\004\062\004\076\004\064\004\113\000\040\004\077\004\076\000\040\004\076\004\061\004\067\004\076\004\100\004\103\000\040\004\070\000\040\004\076\004\061\004\076\004\101\004\075\004\076\004\062\004\060\004\075\004\070\004\065\000\040\004\101\004\102\004\100\004\103\004\072\004\102\004\103\004\100\004\113\000\040\004\115\004\072\004\101\004\077\004\065\004\100\004\070\004\074\004\065\004\075\004\102\004\060}{section.1}% 25
\BOOKMARK [1][-]{section.2}{\376\377\004\055\004\072\004\101\004\077\004\065\004\100\004\070\004\074\004\065\004\075\004\102\004\060\004\073\004\114\004\075\004\076\004\065\000\040\004\070\004\101\004\101\004\073\004\065\004\064\004\076\004\062\004\060\004\075\004\070\004\065}{}% 26
\BOOKMARK [2][-]{subsection.2.1}{\376\377\004\037\004\076\004\101\004\102\004\060\004\075\004\076\004\062\004\072\004\060\000\040\004\115\004\072\004\101\004\077\004\065\004\100\004\070\004\074\004\065\004\075\004\102\004\060}{section.2}% 27
\BOOKMARK [3][-]{subsubsection.2.1.1}{\376\377\004\024\004\060\004\075\004\075\004\113\004\065}{subsection.2.1}% 28
\BOOKMARK [3][-]{subsubsection.2.1.2}{\376\377\004\034\004\076\004\064\004\065\004\073\004\070\000\040\004\070\000\040\004\070\004\105\000\040\004\072\004\076\004\075\004\104\004\070\004\063\004\103\004\100\004\060\004\106\004\070\004\117}{subsection.2.1}% 29
\BOOKMARK [3][-]{subsubsection.2.1.3}{\376\377\004\037\004\100\004\076\004\102\004\076\004\072\004\076\004\073\000\040\004\076\004\106\004\065\004\075\004\072\004\070}{subsection.2.1}% 30
\BOOKMARK [2][-]{subsection.2.2}{\376\377\004\037\004\100\004\117\004\074\004\076\004\065\000\040\004\101\004\100\004\060\004\062\004\075\004\065\004\075\004\070\004\065\000\040\004\074\004\076\004\064\004\065\004\073\004\065\004\071}{section.2}% 31
\BOOKMARK [3][-]{subsubsection.2.2.1}{\376\377\004\024\004\070\004\060\004\063\004\075\004\076\004\101\004\102\004\070\004\072\004\060\000\040\004\075\004\060\000\040\004\101\004\070\004\075\004\102\004\065\004\102\004\070\004\107\004\065\004\101\004\072\004\070\004\105\000\040\004\100\004\117\004\064\004\060\004\105}{subsection.2.2}% 32
\BOOKMARK [3][-]{subsubsection.2.2.2}{\376\377\004\040\004\065\004\067\004\103\004\073\004\114\004\102\004\060\004\102\004\113\000\040\004\075\004\060\000\040\000M\0003\000\040\000C\000o\000m\000p\000e\000t\000i\000t\000i\000o\000n}{subsection.2.2}% 33
\BOOKMARK [3][-]{subsubsection.2.2.3}{\376\377\004\020\004\075\004\060\004\073\004\070\004\067\000\040\004\077\004\076\000\040\004\107\004\060\004\101\004\102\004\076\004\102\004\075\004\113\004\074\000\040\004\072\004\060\004\102\004\065\004\063\004\076\004\100\004\070\004\117\004\074\000\040\000M\0003}{subsection.2.2}% 34
\BOOKMARK [3][-]{subsubsection.2.2.4}{\376\377\004\040\004\065\004\067\004\103\004\073\004\114\004\102\004\060\004\102\004\113\000\040\004\075\004\060\000\040\000M\0004\000\040\000C\000o\000m\000p\000e\000t\000i\000t\000i\000o\000n}{subsection.2.2}% 35
\BOOKMARK [3][-]{subsubsection.2.2.5}{\376\377\004\020\004\075\004\060\004\073\004\070\004\067\000\040\004\077\004\076\000\040\004\107\004\060\004\101\004\102\004\076\004\102\004\075\004\113\004\074\000\040\004\072\004\060\004\102\004\065\004\063\004\076\004\100\004\070\004\117\004\074\000\040\000M\0004}{subsection.2.2}% 36
\BOOKMARK [3][-]{subsubsection.2.2.6}{\376\377\004\032\004\100\004\076\004\101\004\101\000-\004\064\004\060\004\102\004\060\004\101\004\065\004\102\004\075\004\113\004\071\000\040\004\060\004\075\004\060\004\073\004\070\004\067}{subsection.2.2}% 37
\BOOKMARK [2][-]{subsection.2.3}{\376\377\004\030\004\102\004\065\004\100\004\060\004\102\004\070\004\062\004\075\004\076\004\065\000\040\004\077\004\100\004\076\004\063\004\075\004\076\004\067\004\070\004\100\004\076\004\062\004\060\004\075\004\070\004\065}{section.2}% 38
\BOOKMARK [2][-]{subsection.2.4}{\376\377\004\037\004\100\004\065\004\064\004\076\004\061\004\103\004\107\004\065\004\075\004\070\004\065\000\040\004\102\004\100\004\060\004\075\004\101\004\104\004\076\004\100\004\074\004\065\004\100\004\075\004\113\004\105\000\040\004\074\004\076\004\064\004\065\004\073\004\065\004\071}{section.2}% 39
\BOOKMARK [2][-]{subsection.2.5}{\376\377\004\022\004\113\004\062\004\076\004\064\004\113}{section.2}% 40
\BOOKMARK [1][-]{subsection.2.5}{\376\377\004\027\004\060\004\072\004\073\004\116\004\107\004\065\004\075\004\070\004\065}{}% 41
