This is XeTeX, Version 3.141592653-2.6-0.999997 (TeX Live 2025) (preloaded format=xelatex 2025.3.8)  13 APR 2026 04:53
entering extended mode
 restricted \write18 enabled.
 %&-line parsing enabled.
**main.tex
(./main.tex
LaTeX2e <2024-11-01> patch level 2
L3 programming layer <2025-01-18>
(/usr/local/texlive/2025/texmf-dist/tex/latex/extsizes/extarticle.cls
Document Class: extarticle 1996/10/08 v1.0 Non Standard LaTeX document class
(/usr/local/texlive/2025/texmf-dist/tex/latex/extsizes/size14.clo
File: size14.clo 1999/11/11 v1.4a NON-Standard LaTeX file (size option)
)
(/usr/local/texlive/2025/texmf-dist/tex/latex/base/exscale.sty
Package: exscale 2018/09/24 v2.1i Standard LaTeX package exscale
LaTeX Font Info:    Redeclaring symbol font `largesymbols' on input line 57.
LaTeX Font Info:    Overwriting symbol font `largesymbols' in version `normal'
(Font)                  OMX/cmex/m/n --> OMX/cmex/m/n on input line 57.
LaTeX Font Info:    Overwriting symbol font `largesymbols' in version `bold'
(Font)                  OMX/cmex/m/n --> OMX/cmex/m/n on input line 57.
\big@size=\dimen141
)
\c@part=\count192
\c@section=\count193
\c@subsection=\count194
\c@subsubsection=\count195
\c@paragraph=\count196
\c@subparagraph=\count197
\c@figure=\count198
\c@table=\count199
\abovecaptionskip=\skip49
\belowcaptionskip=\skip50
\bibindent=\dimen142
)
(/usr/local/texlive/2025/texmf-dist/tex/latex/fontspec/fontspec.sty
(/usr/local/texlive/2025/texmf-dist/tex/latex/l3packages/xparse/xparse.sty
(/usr/local/texlive/2025/texmf-dist/tex/latex/l3kernel/expl3.sty
Package: expl3 2025-01-18 L3 programming layer (loader) 

(/usr/local/texlive/2025/texmf-dist/tex/latex/l3backend/l3backend-xetex.def
File: l3backend-xetex.def 2024-05-08 L3 backend support: XeTeX
\g__graphics_track_int=\count266
\l__pdf_internal_box=\box52
\g__pdf_backend_annotation_int=\count267
\g__pdf_backend_link_int=\count268
))
Package: xparse 2024-08-16 L3 Experimental document command parser
)
Package: fontspec 2024/05/11 v2.9e Font selection for XeLaTeX and LuaLaTeX

(/usr/local/texlive/2025/texmf-dist/tex/latex/fontspec/fontspec-xetex.sty
Package: fontspec-xetex 2024/05/11 v2.9e Font selection for XeLaTeX and LuaLaTe
X
\l__fontspec_script_int=\count269
\l__fontspec_language_int=\count270
\l__fontspec_strnum_int=\count271
\l__fontspec_tmp_int=\count272
\l__fontspec_tmpa_int=\count273
\l__fontspec_tmpb_int=\count274
\l__fontspec_tmpc_int=\count275
\l__fontspec_em_int=\count276
\l__fontspec_emdef_int=\count277
\l__fontspec_strong_int=\count278
\l__fontspec_strongdef_int=\count279
\l__fontspec_tmpa_dim=\dimen143
\l__fontspec_tmpb_dim=\dimen144
\l__fontspec_tmpc_dim=\dimen145

(/usr/local/texlive/2025/texmf-dist/tex/latex/base/fontenc.sty
Package: fontenc 2021/04/29 v2.0v Standard LaTeX package
)
(/usr/local/texlive/2025/texmf-dist/tex/latex/fontspec/fontspec.cfg)))

Package fontspec Info: 
(fontspec)             Font family 'TimesNewRoman(0)' created for font 'Times
(fontspec)             New Roman' with options
(fontspec)             [Ligatures=TeX,Ligatures=TeX,BoldFont = Times New Roman
(fontspec)             Bold,ItalicFont = Times New Roman Italic,BoldItalicFont
(fontspec)             = Times New Roman Bold Italic].
(fontspec)              
(fontspec)              This font family consists of the following NFSS
(fontspec)             series/shapes:
(fontspec)              
(fontspec)             - 'normal' (m/n) with NFSS spec.: <->"Times New
(fontspec)             Roman/OT:script=latn;language=dflt;mapping=tex-text;"
(fontspec)             - 'bold' (b/n) with NFSS spec.: <->"Times New Roman
(fontspec)             Bold/OT:script=latn;language=dflt;mapping=tex-text;"
(fontspec)             - 'italic' (m/it) with NFSS spec.: <->"Times New Roman
(fontspec)             Italic/OT:script=latn;language=dflt;mapping=tex-text;"
(fontspec)             - 'bold italic' (b/it) with NFSS spec.: <->"Times New
(fontspec)             Roman Bold
(fontspec)             Italic/OT:script=latn;language=dflt;mapping=tex-text;"


Package fontspec Info: 
(fontspec)             Courier New scale = 0.85.


Package fontspec Info: 
(fontspec)             Courier New scale = 0.85.


Package fontspec Info: 
(fontspec)             Courier New/B scale = 0.85.


Package fontspec Info: 
(fontspec)             Courier New/I scale = 0.85.


Package fontspec Info: 
(fontspec)             Courier New/BI scale = 0.85.


Package fontspec Info: 
(fontspec)             Font family 'CourierNew(0)' created for font 'Courier
(fontspec)             New' with options
(fontspec)             [Ligatures=TeX,WordSpace={1,0,0},HyphenChar=None,Punctua
tionSpace=WordSpace,Scale=0.85,Script=Latin,Ligatures=TeX].
(fontspec)              
(fontspec)              This font family consists of the following NFSS
(fontspec)             series/shapes:
(fontspec)              
(fontspec)             - 'normal' (m/n) with NFSS spec.: <->s*[0.85]"Courier
(fontspec)             New/OT:script=latn;language=dflt;mapping=tex-text;"
(fontspec)             - 'bold' (b/n) with NFSS spec.: <->s*[0.85]"Courier
(fontspec)             New/B/OT:script=latn;language=dflt;mapping=tex-text;"
(fontspec)             - 'italic' (m/it) with NFSS spec.: <->s*[0.85]"Courier
(fontspec)             New/I/OT:script=latn;language=dflt;mapping=tex-text;"
(fontspec)             - 'bold italic' (b/it) with NFSS spec.:
(fontspec)             <->s*[0.85]"Courier
(fontspec)             New/BI/OT:script=latn;language=dflt;mapping=tex-text;"


Package fontspec Info: 
(fontspec)             PT Mono scale = 0.85.


Package fontspec Info: 
(fontspec)             Could not resolve font "PT Mono/I" (it probably doesn't
(fontspec)             exist).


Package fontspec Info: 
(fontspec)             PT Mono scale = 0.85.


Package fontspec Info: 
(fontspec)             PT Mono/B scale = 0.85.


Package fontspec Info: 
(fontspec)             PT Mono/BI scale = 0.85.


Package fontspec Info: 
(fontspec)             Font family 'PTMono(0)' created for font 'PT Mono' with
(fontspec)             options [Ligatures=TeX,Scale=0.85].
(fontspec)              
(fontspec)              This font family consists of the following NFSS
(fontspec)             series/shapes:
(fontspec)              
(fontspec)             - 'normal' (m/n) with NFSS spec.: <->s*[0.85]"PT
(fontspec)             Mono/OT:script=latn;language=dflt;mapping=tex-text;"
(fontspec)             - 'bold' (b/n) with NFSS spec.: <->s*[0.85]"PT
(fontspec)             Mono/B/OT:script=latn;language=dflt;mapping=tex-text;"
(fontspec)             - 'bold italic' (b/it) with NFSS spec.: <->s*[0.85]"PT
(fontspec)             Mono/BI/OT:script=latn;language=dflt;mapping=tex-text;"


Package fontspec Info: 
(fontspec)             Font family 'Arial(0)' created for font 'Arial' with
(fontspec)             options [Ligatures=TeX,Ligatures=TeX,Script=Latin].
(fontspec)              
(fontspec)              This font family consists of the following NFSS
(fontspec)             series/shapes:
(fontspec)              
(fontspec)             - 'normal' (m/n) with NFSS spec.:
(fontspec)             <->"Arial/OT:script=latn;language=dflt;mapping=tex-text;
"
(fontspec)             - 'bold' (b/n) with NFSS spec.:
(fontspec)             <->"Arial/B/OT:script=latn;language=dflt;mapping=tex-tex
t;"
(fontspec)             - 'italic' (m/it) with NFSS spec.:
(fontspec)             <->"Arial/I/OT:script=latn;language=dflt;mapping=tex-tex
t;"
(fontspec)             - 'bold italic' (b/it) with NFSS spec.:
(fontspec)             <->"Arial/BI/OT:script=latn;language=dflt;mapping=tex-te
xt;"


(/usr/local/texlive/2025/texmf-dist/tex/latex/polyglossia/polyglossia.sty
Package: polyglossia 2025/01/31 v2.4 Modern multilingual typesetting with XeLaT
eX and LuaLaTeX

(/usr/local/texlive/2025/texmf-dist/tex/latex/etoolbox/etoolbox.sty
Package: etoolbox 2025/02/11 v2.5l e-TeX tools for LaTeX (JAW)
\etb@tempcnta=\count280
)
(/usr/local/texlive/2025/texmf-dist/tex/generic/iftex/iftex.sty
Package: iftex 2024/12/12 v1.0g TeX engine tests
)
\l_xpg_alias_keyvals_int=\count281

(/usr/local/texlive/2025/texmf-dist/tex/latex/polyglossia/gloss-latex.ldf
File: gloss-latex.ldf polyglossia: module for default language
))
(/usr/local/texlive/2025/texmf-dist/tex/latex/polyglossia/gloss-russian.ldf
File: gloss-russian.ldf polyglossia: module for Russian

(/usr/local/texlive/2025/texmf-dist/tex/latex/polyglossia/xpg-cyrillicnumbers.s
ty
Package: xpg-cyrillicnumbers 2019/11/15 v0.2 Formatting of Cyrillic alphabetic 
numbers
) (/usr/local/texlive/2025/texmf-dist/tex/latex/polyglossia/babelsh.def
File: babelsh.def 2022/06/21 Babel common definitions for shorthands
 Taken verbatim from babel files (2022/06/06 v3.76)
)
Package babel Info: Making " an active character on input line 115.
)

Package polyglossia Info: Default language is russian


(/usr/local/texlive/2025/texmf-dist/tex/latex/polyglossia/gloss-english.ldf
File: gloss-english.ldf polyglossia: module for English
)
(/usr/local/texlive/2025/texmf-dist/tex/latex/geometry/geometry.sty
Package: geometry 2020/01/02 v5.9 Page Geometry

(/usr/local/texlive/2025/texmf-dist/tex/latex/graphics/keyval.sty
Package: keyval 2022/05/29 v1.15 key=value parser (DPC)
\KV@toks@=\toks17
)
(/usr/local/texlive/2025/texmf-dist/tex/generic/iftex/ifvtex.sty
Package: ifvtex 2019/10/25 v1.7 ifvtex legacy package. Use iftex instead.
)
\Gm@cnth=\count282
\Gm@cntv=\count283
\c@Gm@tempcnt=\count284
\Gm@bindingoffset=\dimen146
\Gm@wd@mp=\dimen147
\Gm@odd@mp=\dimen148
\Gm@even@mp=\dimen149
\Gm@layoutwidth=\dimen150
\Gm@layoutheight=\dimen151
\Gm@layouthoffset=\dimen152
\Gm@layoutvoffset=\dimen153
\Gm@dimlist=\toks18
)
(/usr/local/texlive/2025/texmf-dist/tex/latex/setspace/setspace.sty
Package: setspace 2022/12/04 v6.7b set line spacing
)
(/usr/local/texlive/2025/texmf-dist/tex/latex/tools/indentfirst.sty
Package: indentfirst 2023/07/02 v1.03 Indent first paragraph (DPC)
)
(/usr/local/texlive/2025/texmf-dist/tex/latex/fancyhdr/fancyhdr.sty
Package: fancyhdr 2025/02/07 v5.2 Extensive control of page headers and footers

\f@nch@headwidth=\skip51
\f@nch@offset@elh=\skip52
\f@nch@offset@erh=\skip53
\f@nch@offset@olh=\skip54
\f@nch@offset@orh=\skip55
\f@nch@offset@elf=\skip56
\f@nch@offset@erf=\skip57
\f@nch@offset@olf=\skip58
\f@nch@offset@orf=\skip59
\f@nch@height=\skip60
\f@nch@footalignment=\skip61
\f@nch@widthL=\skip62
\f@nch@widthC=\skip63
\f@nch@widthR=\skip64
\@temptokenb=\toks19
)
(/usr/local/texlive/2025/texmf-dist/tex/latex/titlesec/titlesec.sty
Package: titlesec 2025/01/04 v2.17 Sectioning titles
\ttl@box=\box53
\beforetitleunit=\skip65
\aftertitleunit=\skip66
\ttl@plus=\dimen154
\ttl@minus=\dimen155
\ttl@toksa=\toks20
\titlewidth=\dimen156
\titlewidthlast=\dimen157
\titlewidthfirst=\dimen158
)
(/usr/local/texlive/2025/texmf-dist/tex/latex/tocloft/tocloft.sty
Package: tocloft 2017/08/31 v2.3i parameterised ToC, etc., typesetting
Package tocloft Info: The document has section divisions on input line 51.
\cftparskip=\skip67
\cftbeforetoctitleskip=\skip68
\cftaftertoctitleskip=\skip69
\cftbeforepartskip=\skip70
\cftpartnumwidth=\skip71
\cftpartindent=\skip72
\cftbeforesecskip=\skip73
\cftsecindent=\skip74
\cftsecnumwidth=\skip75
\cftbeforesubsecskip=\skip76
\cftsubsecindent=\skip77
\cftsubsecnumwidth=\skip78
\cftbeforesubsubsecskip=\skip79
\cftsubsubsecindent=\skip80
\cftsubsubsecnumwidth=\skip81
\cftbeforeparaskip=\skip82
\cftparaindent=\skip83
\cftparanumwidth=\skip84
\cftbeforesubparaskip=\skip85
\cftsubparaindent=\skip86
\cftsubparanumwidth=\skip87
\cftbeforeloftitleskip=\skip88
\cftafterloftitleskip=\skip89
\cftbeforefigskip=\skip90
\cftfigindent=\skip91
\cftfignumwidth=\skip92
\c@lofdepth=\count285
\c@lotdepth=\count286
\cftbeforelottitleskip=\skip93
\cftafterlottitleskip=\skip94
\cftbeforetabskip=\skip95
\cfttabindent=\skip96
\cfttabnumwidth=\skip97
)
\mychapnumwidth=\skip98

(/usr/local/texlive/2025/texmf-dist/tex/latex/caption/caption.sty
Package: caption 2023/08/05 v3.6o Customizing captions (AR)

(/usr/local/texlive/2025/texmf-dist/tex/latex/caption/caption3.sty
Package: caption3 2023/07/31 v2.4d caption3 kernel (AR)
\caption@tempdima=\dimen159
\captionmargin=\dimen160
\caption@leftmargin=\dimen161
\caption@rightmargin=\dimen162
\caption@width=\dimen163
\caption@indent=\dimen164
\caption@parindent=\dimen165
\caption@hangindent=\dimen166
Package caption Info: Standard document class detected.
)
\c@caption@flags=\count287
\c@continuedfloat=\count288
)
! Undefined control sequence.
l.106 \numberwithin
                   {table}{section}
The control sequence at the end of the top line
of your error message was never \def'ed. If you have
misspelled it (e.g., `\hobx'), type `I' and the correct
spelling (e.g., `I\hbox'). Otherwise just continue,
and I'll forget about whatever was undefined.


! LaTeX Error: Missing \begin{document}.

See the LaTeX manual or LaTeX Companion for explanation.
Type  H <return>  for immediate help.
 ...                                              
                                                  
l.106 \numberwithin{t
                     able}{section}
You're in trouble here.  Try typing  <return>  to proceed.
If that doesn't work, type  X <return>  to quit.

! Undefined control sequence.
l.107 \numberwithin
                   {figure}{section}
The control sequence at the end of the top line
of your error message was never \def'ed. If you have
misspelled it (e.g., `\hobx'), type `I' and the correct
spelling (e.g., `I\hbox'). Otherwise just continue,
and I'll forget about whatever was undefined.

(/usr/local/texlive/2025/texmf-dist/tex/latex/graphics/graphicx.sty
Package: graphicx 2021/09/16 v1.2d Enhanced LaTeX Graphics (DPC,SPQR)

(/usr/local/texlive/2025/texmf-dist/tex/latex/graphics/graphics.sty
Package: graphics 2024/08/06 v1.4g Standard LaTeX Graphics (DPC,SPQR)

(/usr/local/texlive/2025/texmf-dist/tex/latex/graphics/trig.sty
Package: trig 2023/12/02 v1.11 sin cos tan (DPC)
)
(/usr/local/texlive/2025/texmf-dist/tex/latex/graphics-cfg/graphics.cfg
File: graphics.cfg 2016/06/04 v1.11 sample graphics configuration
)
Package graphics Info: Driver file: xetex.def on input line 106.

(/usr/local/texlive/2025/texmf-dist/tex/latex/graphics-def/xetex.def
File: xetex.def 2022/09/22 v5.0n Graphics/color driver for xetex
))
\Gin@req@height=\dimen167
\Gin@req@width=\dimen168
)
(/usr/local/texlive/2025/texmf-dist/tex/latex/booktabs/booktabs.sty
Package: booktabs 2020/01/12 v1.61803398 Publication quality tables
\heavyrulewidth=\dimen169
\lightrulewidth=\dimen170
\cmidrulewidth=\dimen171
\belowrulesep=\dimen172
\belowbottomsep=\dimen173
\aboverulesep=\dimen174
\abovetopsep=\dimen175
\cmidrulesep=\dimen176
\cmidrulekern=\dimen177
\defaultaddspace=\dimen178
\@cmidla=\count289
\@cmidlb=\count290
\@aboverulesep=\dimen179
\@belowrulesep=\dimen180
\@thisruleclass=\count291
\@lastruleclass=\count292
\@thisrulewidth=\dimen181
)
(/usr/local/texlive/2025/texmf-dist/tex/latex/tools/array.sty
Package: array 2024/10/17 v2.6g Tabular extension package (FMi)
\col@sep=\dimen182
\ar@mcellbox=\box54
\extrarowheight=\dimen183
\NC@list=\toks21
\extratabsurround=\skip99
\backup@length=\skip100
\ar@cellbox=\box55
)
(/usr/local/texlive/2025/texmf-dist/tex/latex/tools/longtable.sty
Package: longtable 2024-10-27 v4.22 Multi-page Table package (DPC)
\LTleft=\skip101
\LTright=\skip102
\LTpre=\skip103
\LTpost=\skip104
\LTchunksize=\count293
\LTcapwidth=\dimen184
\LT@head=\box56
\LT@firsthead=\box57
\LT@foot=\box58
\LT@lastfoot=\box59
\LT@gbox=\box60
\LT@cols=\count294
\LT@rows=\count295
\c@LT@tables=\count296
\c@LT@chunks=\count297
\LT@p@ftn=\toks22
)
(/usr/local/texlive/2025/texmf-dist/tex/latex/amsmath/amsmath.sty
Package: amsmath 2024/11/05 v2.17t AMS math features
\@mathmargin=\skip105

For additional information on amsmath, use the `?' option.
(/usr/local/texlive/2025/texmf-dist/tex/latex/amsmath/amstext.sty
Package: amstext 2021/08/26 v2.01 AMS text

(/usr/local/texlive/2025/texmf-dist/tex/latex/amsmath/amsgen.sty
File: amsgen.sty 1999/11/30 v2.0 generic functions
\@emptytoks=\toks23
\ex@=\dimen185
))
(/usr/local/texlive/2025/texmf-dist/tex/latex/amsmath/amsbsy.sty
Package: amsbsy 1999/11/29 v1.2d Bold Symbols
\pmbraise@=\dimen186
)
(/usr/local/texlive/2025/texmf-dist/tex/latex/amsmath/amsopn.sty
Package: amsopn 2022/04/08 v2.04 operator names
)
\inf@bad=\count298
LaTeX Info: Redefining \frac on input line 233.
\uproot@=\count299
\leftroot@=\count300
LaTeX Info: Redefining \overline on input line 398.
LaTeX Info: Redefining \colon on input line 409.
\classnum@=\count301
\DOTSCASE@=\count302
LaTeX Info: Redefining \ldots on input line 495.
LaTeX Info: Redefining \dots on input line 498.
LaTeX Info: Redefining \cdots on input line 619.
\Mathstrutbox@=\box61
\strutbox@=\box62
LaTeX Info: Redefining \big on input line 721.
LaTeX Info: Redefining \Big on input line 722.
LaTeX Info: Redefining \bigg on input line 723.
LaTeX Info: Redefining \Bigg on input line 724.
\big@size=\dimen187
LaTeX Font Info:    Redeclaring font encoding OML on input line 742.
LaTeX Font Info:    Redeclaring font encoding OMS on input line 743.
\macc@depth=\count303
LaTeX Info: Redefining \bmod on input line 904.
LaTeX Info: Redefining \pmod on input line 909.
LaTeX Info: Redefining \smash on input line 939.
LaTeX Info: Redefining \relbar on input line 969.
LaTeX Info: Redefining \Relbar on input line 970.
\c@MaxMatrixCols=\count304
\dotsspace@=\muskip17
\c@parentequation=\count305
\dspbrk@lvl=\count306
\tag@help=\toks24
\row@=\count307
\column@=\count308
\maxfields@=\count309
\andhelp@=\toks25
\eqnshift@=\dimen188
\alignsep@=\dimen189
\tagshift@=\dimen190
\tagwidth@=\dimen191
\totwidth@=\dimen192
\lineht@=\dimen193
\@envbody=\toks26
\multlinegap=\skip106
\multlinetaggap=\skip107
\mathdisplay@stack=\toks27
LaTeX Info: Redefining \[ on input line 2953.
LaTeX Info: Redefining \] on input line 2954.
)
(/usr/local/texlive/2025/texmf-dist/tex/latex/amsfonts/amssymb.sty
Package: amssymb 2013/01/14 v3.01 AMS font symbols

(/usr/local/texlive/2025/texmf-dist/tex/latex/amsfonts/amsfonts.sty
Package: amsfonts 2013/01/14 v3.01 Basic AMSFonts support
\symAMSa=\mathgroup4
\symAMSb=\mathgroup5
LaTeX Font Info:    Redeclaring math symbol \hbar on input line 98.
LaTeX Font Info:    Overwriting math alphabet `\mathfrak' in version `bold'
(Font)                  U/euf/m/n --> U/euf/b/n on input line 106.
))
(/usr/local/texlive/2025/texmf-dist/tex/latex/hyperref/hyperref.sty
Package: hyperref 2024-11-05 v7.01l Hypertext links for LaTeX

(/usr/local/texlive/2025/texmf-dist/tex/latex/kvsetkeys/kvsetkeys.sty
Package: kvsetkeys 2022-10-05 v1.19 Key value parser (HO)
)
(/usr/local/texlive/2025/texmf-dist/tex/generic/kvdefinekeys/kvdefinekeys.sty
Package: kvdefinekeys 2019-12-19 v1.6 Define keys (HO)
)
(/usr/local/texlive/2025/texmf-dist/tex/generic/pdfescape/pdfescape.sty
Package: pdfescape 2019/12/09 v1.15 Implements pdfTeX's escape features (HO)

(/usr/local/texlive/2025/texmf-dist/tex/generic/ltxcmds/ltxcmds.sty
Package: ltxcmds 2023-12-04 v1.26 LaTeX kernel commands for general use (HO)
)
(/usr/local/texlive/2025/texmf-dist/tex/generic/pdftexcmds/pdftexcmds.sty
Package: pdftexcmds 2020-06-27 v0.33 Utility functions of pdfTeX for LuaTeX (HO
)

(/usr/local/texlive/2025/texmf-dist/tex/generic/infwarerr/infwarerr.sty
Package: infwarerr 2019/12/03 v1.5 Providing info/warning/error messages (HO)
)
Package pdftexcmds Info: \pdf@primitive is available.
Package pdftexcmds Info: \pdf@ifprimitive is available.
Package pdftexcmds Info: \pdfdraftmode not found.
))
(/usr/local/texlive/2025/texmf-dist/tex/latex/hycolor/hycolor.sty
Package: hycolor 2020-01-27 v1.10 Color options for hyperref/bookmark (HO)
)
(/usr/local/texlive/2025/texmf-dist/tex/latex/hyperref/nameref.sty
Package: nameref 2023-11-26 v2.56 Cross-referencing by name of section

(/usr/local/texlive/2025/texmf-dist/tex/latex/refcount/refcount.sty
Package: refcount 2019/12/15 v3.6 Data extraction from label references (HO)
)
(/usr/local/texlive/2025/texmf-dist/tex/generic/gettitlestring/gettitlestring.s
ty
Package: gettitlestring 2019/12/15 v1.6 Cleanup title references (HO)
 (/usr/local/texlive/2025/texmf-dist/tex/latex/kvoptions/kvoptions.sty
Package: kvoptions 2022-06-15 v3.15 Key value format for package options (HO)
))
\c@section@level=\count310
)
(/usr/local/texlive/2025/texmf-dist/tex/generic/stringenc/stringenc.sty
Package: stringenc 2019/11/29 v1.12 Convert strings between diff. encodings (HO
)
)
\@linkdim=\dimen194
\Hy@linkcounter=\count311
\Hy@pagecounter=\count312

(/usr/local/texlive/2025/texmf-dist/tex/latex/hyperref/pd1enc.def
File: pd1enc.def 2024-11-05 v7.01l Hyperref: PDFDocEncoding definition (HO)
)
(/usr/local/texlive/2025/texmf-dist/tex/generic/intcalc/intcalc.sty
Package: intcalc 2019/12/15 v1.3 Expandable calculations with integers (HO)
)
\Hy@SavedSpaceFactor=\count313

(/usr/local/texlive/2025/texmf-dist/tex/latex/hyperref/puenc.def
File: puenc.def 2024-11-05 v7.01l Hyperref: PDF Unicode definition (HO)
)
Package hyperref Info: Option `colorlinks' set `true' on input line 4040.
Package hyperref Info: Option `bookmarks' set `true' on input line 4040.
Package hyperref Info: Hyper figures OFF on input line 4157.
Package hyperref Info: Link nesting OFF on input line 4162.
Package hyperref Info: Hyper index ON on input line 4165.
Package hyperref Info: Plain pages OFF on input line 4172.
Package hyperref Info: Backreferencing OFF on input line 4177.
Package hyperref Info: Implicit mode ON; LaTeX internals redefined.
Package hyperref Info: Bookmarks ON on input line 4424.
\c@Hy@tempcnt=\count314

(/usr/local/texlive/2025/texmf-dist/tex/latex/url/url.sty
\Urlmuskip=\muskip18
Package: url 2013/09/16  ver 3.4  Verb mode for urls, etc.
)
LaTeX Info: Redefining \url on input line 4763.
\XeTeXLinkMargin=\dimen195

(/usr/local/texlive/2025/texmf-dist/tex/generic/bitset/bitset.sty
Package: bitset 2019/12/09 v1.3 Handle bit-vector datatype (HO)

(/usr/local/texlive/2025/texmf-dist/tex/generic/bigintcalc/bigintcalc.sty
Package: bigintcalc 2019/12/15 v1.5 Expandable calculations on big integers (HO
)
))
\Fld@menulength=\count315
\Field@Width=\dimen196
\Fld@charsize=\dimen197
Package hyperref Info: Hyper figures OFF on input line 6042.
Package hyperref Info: Link nesting OFF on input line 6047.
Package hyperref Info: Hyper index ON on input line 6050.
Package hyperref Info: backreferencing OFF on input line 6057.
Package hyperref Info: Link coloring ON on input line 6060.
Package hyperref Info: Link coloring with OCG OFF on input line 6067.
Package hyperref Info: PDF/A mode OFF on input line 6072.

(/usr/local/texlive/2025/texmf-dist/tex/latex/base/atbegshi-ltx.sty
Package: atbegshi-ltx 2021/01/10 v1.0c Emulation of the original atbegshi
package with kernel methods
)
\Hy@abspage=\count316
\c@Item=\count317
\c@Hfootnote=\count318
)
Package hyperref Info: Driver (autodetected): hxetex.

(/usr/local/texlive/2025/texmf-dist/tex/latex/hyperref/hxetex.def
File: hxetex.def 2024-11-05 v7.01l Hyperref driver for XeTeX
\pdfm@box=\box63
\c@Hy@AnnotLevel=\count319
\HyField@AnnotCount=\count320
\Fld@listcount=\count321
\c@bookmark@seq@number=\count322

(/usr/local/texlive/2025/texmf-dist/tex/latex/rerunfilecheck/rerunfilecheck.sty
Package: rerunfilecheck 2022-07-10 v1.10 Rerun checks for auxiliary files (HO)
(/usr/local/texlive/2025/texmf-dist/tex/latex/base/atveryend-ltx.sty
Package: atveryend-ltx 2020/08/19 v1.0a Emulation of the original atveryend pac
kage
with kernel methods
)
(/usr/local/texlive/2025/texmf-dist/tex/generic/uniquecounter/uniquecounter.sty
Package: uniquecounter 2019/12/15 v1.4 Provide unlimited unique counter (HO)
)
Package uniquecounter Info: New unique counter `rerunfilecheck' on input line 2
85.
)
\Hy@SectionHShift=\skip108
) (/usr/local/texlive/2025/texmf-dist/tex/latex/biblatex/biblatex.sty
Package: biblatex 2024/03/21 v3.20 programmable bibliographies (PK/MW)

(/usr/local/texlive/2025/texmf-dist/tex/latex/logreq/logreq.sty
Package: logreq 2010/08/04 v1.0 xml request logger
\lrq@indent=\count323

(/usr/local/texlive/2025/texmf-dist/tex/latex/logreq/logreq.def
File: logreq.def 2010/08/04 v1.0 logreq spec v1.0
))
(/usr/local/texlive/2025/texmf-dist/tex/latex/base/ifthen.sty
Package: ifthen 2024/03/16 v1.1e Standard LaTeX ifthen package (DPC)
)
\c@tabx@nest=\count324
\c@listtotal=\count325
\c@listcount=\count326
\c@liststart=\count327
\c@liststop=\count328
\c@citecount=\count329
\c@citetotal=\count330
\c@multicitecount=\count331
\c@multicitetotal=\count332
\c@instcount=\count333
\c@maxnames=\count334
\c@minnames=\count335
\c@maxitems=\count336
\c@minitems=\count337
\c@citecounter=\count338
\c@maxcitecounter=\count339
\c@savedcitecounter=\count340
\c@uniquelist=\count341
\c@uniquename=\count342
\c@refsection=\count343
\c@refsegment=\count344
\c@maxextratitle=\count345
\c@maxextratitleyear=\count346
\c@maxextraname=\count347
\c@maxextradate=\count348
\c@maxextraalpha=\count349
\c@abbrvpenalty=\count350
\c@highnamepenalty=\count351
\c@lownamepenalty=\count352
\c@maxparens=\count353
\c@parenlevel=\count354
\blx@tempcnta=\count355
\blx@tempcntb=\count356
\blx@tempcntc=\count357
\c@blx@maxsection=\count358
\blx@maxsegment@0=\count359
\blx@notetype=\count360
\blx@parenlevel@text=\count361
\blx@parenlevel@foot=\count362
\blx@sectionciteorder@0=\count363
\blx@sectionciteorderinternal@0=\count364
\blx@entrysetcounter=\count365
\blx@biblioinstance=\count366
\labelnumberwidth=\skip109
\labelalphawidth=\skip110
\biblabelsep=\skip111
\bibitemsep=\skip112
\bibnamesep=\skip113
\bibinitsep=\skip114
\bibparsep=\skip115
\bibhang=\skip116
\blx@bcfin=\read2
\blx@bcfout=\write3
\blx@langwohyphens=\language90
\c@mincomprange=\count367
\c@maxcomprange=\count368
\c@mincompwidth=\count369
Package biblatex Info: Trying to load biblatex default data model...
Package biblatex Info: ... file 'blx-dm.def' found.

(/usr/local/texlive/2025/texmf-dist/tex/latex/biblatex/blx-dm.def
File: blx-dm.def 2024/03/21 v3.20 biblatex datamodel (PK/MW)
)
Package biblatex Info: Trying to load biblatex style data model...
Package biblatex Info: ... file 'gost-numeric.dbx' found.

(/usr/local/texlive/2025/texmf-dist/tex/latex/biblatex-gost/gost-numeric.dbx
File: gost-numeric.dbx 2023/04/25 v1.24 biblatex-gost data model
Package biblatex Info: Trying to load biblatex-gost data model...
Package biblatex Info: ... file 'biblatex-gost.dbx' found.

(/usr/local/texlive/2025/texmf-dist/tex/latex/biblatex-gost/biblatex-gost.dbx
File: biblatex-gost.dbx 2023/04/25 v1.24 biblatex-gost data model
))
Package biblatex Info: Trying to load biblatex custom data model...
Package biblatex Info: ... file 'biblatex-dm.cfg' not found.
\c@afterword=\count370
\c@savedafterword=\count371
\c@annotator=\count372
\c@savedannotator=\count373
\c@author=\count374
\c@savedauthor=\count375
\c@bookauthor=\count376
\c@savedbookauthor=\count377
\c@commentator=\count378
\c@savedcommentator=\count379
\c@editor=\count380
\c@savededitor=\count381
\c@editora=\count382
\c@savededitora=\count383
\c@editorb=\count384
\c@savededitorb=\count385
\c@editorc=\count386
\c@savededitorc=\count387
\c@foreword=\count388
\c@savedforeword=\count389
\c@holder=\count390
\c@savedholder=\count391
\c@introduction=\count392
\c@savedintroduction=\count393
\c@namea=\count394
\c@savednamea=\count395
\c@nameb=\count396
\c@savednameb=\count397
\c@namec=\count398
\c@savednamec=\count399
\c@translator=\count400
\c@savedtranslator=\count401
\c@shortauthor=\count402
\c@savedshortauthor=\count403
\c@shorteditor=\count404
\c@savedshorteditor=\count405
\c@booktranslator=\count406
\c@savedbooktranslator=\count407
\c@bookcommentator=\count408
\c@savedbookcommentator=\count409
\c@bookannotator=\count410
\c@savedbookannotator=\count411
\c@bookintroduction=\count412
\c@savedbookintroduction=\count413
\c@bookforeword=\count414
\c@savedbookforeword=\count415
\c@bookafterword=\count416
\c@savedbookafterword=\count417
\c@labelname=\count418
\c@savedlabelname=\count419
\c@institution=\count420
\c@savedinstitution=\count421
\c@lista=\count422
\c@savedlista=\count423
\c@listb=\count424
\c@savedlistb=\count425
\c@listc=\count426
\c@savedlistc=\count427
\c@listd=\count428
\c@savedlistd=\count429
\c@liste=\count430
\c@savedliste=\count431
\c@listf=\count432
\c@savedlistf=\count433
\c@location=\count434
\c@savedlocation=\count435
\c@organization=\count436
\c@savedorganization=\count437
\c@origlocation=\count438
\c@savedoriglocation=\count439
\c@origpublisher=\count440
\c@savedorigpublisher=\count441
\c@publisher=\count442
\c@savedpublisher=\count443
\c@language=\count444
\c@savedlanguage=\count445
\c@origlanguage=\count446
\c@savedoriglanguage=\count447
\c@bookoriglanguage=\count448
\c@savedbookoriglanguage=\count449
\c@specdata=\count450
\c@savedspecdata=\count451
\c@credits=\count452
\c@savedcredits=\count453
\c@bookcredits=\count454
\c@savedbookcredits=\count455
\c@editioncredits=\count456
\c@savededitioncredits=\count457
\c@pageref=\count458
\c@savedpageref=\count459
\shorthandwidth=\skip117
\shortjournalwidth=\skip118
\shortserieswidth=\skip119
\shorttitlewidth=\skip120
\shortauthorwidth=\skip121
\shorteditorwidth=\skip122
\locallabelnumberwidth=\skip123
\locallabelalphawidth=\skip124
\localshorthandwidth=\skip125
\localshortjournalwidth=\skip126
\localshortserieswidth=\skip127
\localshorttitlewidth=\skip128
\localshortauthorwidth=\skip129
\localshorteditorwidth=\skip130
Package biblatex Info: Trying to load enhanced support for Unicode engines...
Package biblatex Info: ... file 'blx-unicode.def' found.
(/usr/local/texlive/2025/texmf-dist/tex/latex/biblatex/blx-unicode.def)
Package biblatex Info: Trying to load compatibility code...
Package biblatex Info: ... file 'blx-compat.def' found.

(/usr/local/texlive/2025/texmf-dist/tex/latex/biblatex/blx-compat.def
File: blx-compat.def 2024/03/21 v3.20 biblatex compatibility (PK/MW)
)
Package biblatex Info: Trying to load generic definitions...
Package biblatex Info: ... file 'biblatex.def' found.

(/usr/local/texlive/2025/texmf-dist/tex/latex/biblatex/biblatex.def
File: biblatex.def 2024/03/21 v3.20 biblatex compatibility (PK/MW)
\c@textcitecount=\count460
\c@textcitetotal=\count461
\c@textcitemaxnames=\count462
\c@biburlbigbreakpenalty=\count463
\c@biburlbreakpenalty=\count464
\c@biburlnumpenalty=\count465
\c@biburlucpenalty=\count466
\c@biburllcpenalty=\count467
\biburlbigskip=\muskip19
\biburlnumskip=\muskip20
\biburlucskip=\muskip21
\biburllcskip=\muskip22
\c@smartand=\count468
)
Package biblatex Info: Trying to load bibliography style 'gost-numeric'...
Package biblatex Info: ... file 'gost-numeric.bbx' found.

(/usr/local/texlive/2025/texmf-dist/tex/latex/biblatex-gost/gost-numeric.bbx
File: gost-numeric.bbx 2023/04/25 v1.24 biblatex-gost styles
Package biblatex Info: Trying to load bibliography style 'gost-standard'...
Package biblatex Info: ... file 'gost-standard.bbx' found.

(/usr/local/texlive/2025/texmf-dist/tex/latex/biblatex-gost/gost-standard.bbx
File: gost-standard.bbx 2023/04/25 v1.24 biblatex-gost styles
Package biblatex Info: Trying to load biblatex-gost generic definitions...
Package biblatex Info: ... file 'biblatex-gost.def' found.

(/usr/local/texlive/2025/texmf-dist/tex/latex/biblatex-gost/biblatex-gost.def
File: biblatex-gost.def 2023/04/25 v1.24 biblatex-gost styles
)
\c@blx@gost@pointer=\count469
\c@bbx:relatedcount=\count470
\c@bbx:relatedtotal=\count471
Package biblatex Info: Redefining autocite command 'footnote'.
Package biblatex Info: Redefining autocite command 'superscript'.
))
Package biblatex Info: Trying to load citation style 'gost-numeric'...
Package biblatex Info: ... file 'gost-numeric.cbx' found.
 (/usr/local/texlive/2025/texmf-dist/tex/latex/biblatex-gost/gost-numeric.cbx
File: gost-numeric.cbx 2023/04/25 v1.24 biblatex-gost styles
Package biblatex Info: Trying to load citation style 'numeric-comp'...
Package biblatex Info: ... file 'numeric-comp.cbx' found.

(/usr/local/texlive/2025/texmf-dist/tex/latex/biblatex/cbx/numeric-comp.cbx
File: numeric-comp.cbx 2024/03/21 v3.20 biblatex citation style (PK/MW)
\c@cbx@tempcnta=\count472
\c@cbx@tempcntb=\count473
\c@cbx@tempcntc=\count474
\c@cbx@tempcntd=\count475
Package biblatex Info: Redefining '\cite'.
Package biblatex Info: Redefining '\parencite'.
Package biblatex Info: Redefining '\footcite'.
Package biblatex Info: Redefining '\footcitetext'.
Package biblatex Info: Redefining '\smartcite'.
Package biblatex Info: Redefining '\supercite'.
Package biblatex Info: Redefining '\textcite'.
Package biblatex Info: Redefining '\textcites'.
Package biblatex Info: Redefining '\cites'.
Package biblatex Info: Redefining '\parencites'.
Package biblatex Info: Redefining '\smartcites'.
))
Package biblatex Info: Trying to load configuration file...
Package biblatex Info: ... file 'biblatex.cfg' found.

(/usr/local/texlive/2025/texmf-dist/tex/latex/biblatex/biblatex.cfg
File: biblatex.cfg 
)
Package biblatex Info: XeTeX detected.
(biblatex)             Assuming input encoding 'utf8'.
Package biblatex Info: Document encoding is UTF8 ....
Package biblatex Info: ... and expl3
(biblatex)             2025-01-18 L3 programming layer (loader) 
(biblatex)             is new enough (at least 2020/04/06),
(biblatex)             setting 'casechanger=expl3'.

(/usr/local/texlive/2025/texmf-dist/tex/latex/biblatex/blx-case-expl3.sty
Package: blx-case-expl3 2024/03/21 v3.20 expl3 case changing code for biblatex
))
(/usr/local/texlive/2025/texmf-dist/tex/latex/listings/listings.sty
\lst@mode=\count476
\lst@gtempboxa=\box64
\lst@token=\toks28
\lst@length=\count477
\lst@currlwidth=\dimen198
\lst@column=\count478
\lst@pos=\count479
\lst@lostspace=\dimen199
\lst@width=\dimen256
\lst@newlines=\count480
\lst@lineno=\count481
\lst@maxwidth=\dimen257

(/usr/local/texlive/2025/texmf-dist/tex/latex/listings/lstpatch.sty
File: lstpatch.sty 2024/09/23 1.10c (Carsten Heinz)
)
(/usr/local/texlive/2025/texmf-dist/tex/latex/listings/lstmisc.sty
File: lstmisc.sty 2024/09/23 1.10c (Carsten Heinz)
\c@lstnumber=\count482
\lst@skipnumbers=\count483
\lst@framebox=\box65
)
(/usr/local/texlive/2025/texmf-dist/tex/latex/listings/listings.cfg
File: listings.cfg 2024/09/23 1.10c listings configuration
))
Package: listings 2024/09/23 1.10c (Carsten Heinz)

(/usr/local/texlive/2025/texmf-dist/tex/latex/enumitem/enumitem.sty
Package: enumitem 2025/02/06 v3.11 Customized lists
\labelindent=\skip131
\enit@outerparindent=\dimen258
\enit@toks=\toks29
\enit@inbox=\box66
\enit@count@id=\count484
\enitdp@description=\count485
)
(/usr/local/texlive/2025/texmf-dist/tex/latex/float/float.sty
Package: float 2001/11/08 v1.3d Float enhancements (AL)
\c@float@type=\count486
\float@exts=\toks30
\float@box=\box67
\@float@everytoks=\toks31
\@floatcapt=\box68
)
(/usr/local/texlive/2025/texmf-dist/tex/latex/caption/subcaption.sty
Package: subcaption 2023/07/28 v1.6b Sub-captions (AR)
Package caption Info: New subtype `subfigure' on input line 238.
\c@subfigure=\count487
Package caption Info: New subtype `subtable' on input line 238.
\c@subtable=\count488
)
\@quotelevel=\count489
\@quotereset=\count490

Package fontspec Info: 
(fontspec)             Font family 'TimesNewRoman(1)' created for font 'Times
(fontspec)             New Roman' with options
(fontspec)             [Ligatures=TeX,Ligatures=TeX,BoldFont = Times New Roman
(fontspec)             Bold,ItalicFont = Times New Roman Italic,BoldItalicFont
(fontspec)             = Times New Roman Bold Italic,Script=Cyrillic].
(fontspec)              
(fontspec)              This font family consists of the following NFSS
(fontspec)             series/shapes:
(fontspec)              
(fontspec)             - 'normal' (m/n) with NFSS spec.: <->"Times New
(fontspec)             Roman/OT:script=cyrl;language=dflt;mapping=tex-text;"
(fontspec)             - 'bold' (b/n) with NFSS spec.: <->"Times New Roman
(fontspec)             Bold/OT:script=cyrl;language=dflt;mapping=tex-text;"
(fontspec)             - 'italic' (m/it) with NFSS spec.: <->"Times New Roman
(fontspec)             Italic/OT:script=cyrl;language=dflt;mapping=tex-text;"
(fontspec)             - 'bold italic' (b/it) with NFSS spec.: <->"Times New
(fontspec)             Roman Bold
(fontspec)             Italic/OT:script=cyrl;language=dflt;mapping=tex-text;"


(./main.aux)
\openout1 = `main.aux'.

LaTeX Font Info:    Checking defaults for OML/cmm/m/it on input line 171.
LaTeX Font Info:    ... okay on input line 171.
LaTeX Font Info:    Checking defaults for OMS/cmsy/m/n on input line 171.
LaTeX Font Info:    ... okay on input line 171.
LaTeX Font Info:    Checking defaults for OT1/cmr/m/n on input line 171.
LaTeX Font Info:    ... okay on input line 171.
LaTeX Font Info:    Checking defaults for T1/cmr/m/n on input line 171.
LaTeX Font Info:    ... okay on input line 171.
LaTeX Font Info:    Checking defaults for TS1/cmr/m/n on input line 171.
LaTeX Font Info:    ... okay on input line 171.
LaTeX Font Info:    Checking defaults for TU/lmr/m/n on input line 171.
LaTeX Font Info:    ... okay on input line 171.
LaTeX Font Info:    Checking defaults for OMX/cmex/m/n on input line 171.
LaTeX Font Info:    ... okay on input line 171.
LaTeX Font Info:    Checking defaults for U/cmr/m/n on input line 171.
LaTeX Font Info:    ... okay on input line 171.
LaTeX Font Info:    Checking defaults for PD1/pdf/m/n on input line 171.
LaTeX Font Info:    ... okay on input line 171.
LaTeX Font Info:    Checking defaults for PU/pdf/m/n on input line 171.
LaTeX Font Info:    ... okay on input line 171.

Package fontspec Info: 
(fontspec)             Adjusting the maths setup (use [no-math] to avoid
(fontspec)             this).

\symlegacymaths=\mathgroup6
LaTeX Font Info:    Overwriting symbol font `legacymaths' in version `bold'
(Font)                  OT1/cmr/m/n --> OT1/cmr/bx/n on input line 171.
LaTeX Font Info:    Redeclaring math accent \acute on input line 171.
LaTeX Font Info:    Redeclaring math accent \grave on input line 171.
LaTeX Font Info:    Redeclaring math accent \ddot on input line 171.
LaTeX Font Info:    Redeclaring math accent \tilde on input line 171.
LaTeX Font Info:    Redeclaring math accent \bar on input line 171.
LaTeX Font Info:    Redeclaring math accent \breve on input line 171.
LaTeX Font Info:    Redeclaring math accent \check on input line 171.
LaTeX Font Info:    Redeclaring math accent \hat on input line 171.
LaTeX Font Info:    Redeclaring math accent \dot on input line 171.
LaTeX Font Info:    Redeclaring math accent \mathring on input line 171.
LaTeX Font Info:    Redeclaring math symbol \Gamma on input line 171.
LaTeX Font Info:    Redeclaring math symbol \Delta on input line 171.
LaTeX Font Info:    Redeclaring math symbol \Theta on input line 171.
LaTeX Font Info:    Redeclaring math symbol \Lambda on input line 171.
LaTeX Font Info:    Redeclaring math symbol \Xi on input line 171.
LaTeX Font Info:    Redeclaring math symbol \Pi on input line 171.
LaTeX Font Info:    Redeclaring math symbol \Sigma on input line 171.
LaTeX Font Info:    Redeclaring math symbol \Upsilon on input line 171.
LaTeX Font Info:    Redeclaring math symbol \Phi on input line 171.
LaTeX Font Info:    Redeclaring math symbol \Psi on input line 171.
LaTeX Font Info:    Redeclaring math symbol \Omega on input line 171.
LaTeX Font Info:    Redeclaring math symbol \mathdollar on input line 171.
LaTeX Font Info:    Redeclaring symbol font `operators' on input line 171.
LaTeX Font Info:    Encoding `OT1' has changed to `TU' for symbol font
(Font)              `operators' in the math version `normal' on input line 171.

LaTeX Font Info:    Overwriting symbol font `operators' in version `normal'
(Font)                  OT1/cmr/m/n --> TU/TimesNewRoman(0)/m/n on input line 1
71.
LaTeX Font Info:    Encoding `OT1' has changed to `TU' for symbol font
(Font)              `operators' in the math version `bold' on input line 171.
LaTeX Font Info:    Overwriting symbol font `operators' in version `bold'
(Font)                  OT1/cmr/bx/n --> TU/TimesNewRoman(0)/m/n on input line 
171.
LaTeX Font Info:    Overwriting symbol font `operators' in version `normal'
(Font)                  TU/TimesNewRoman(0)/m/n --> TU/TimesNewRoman(0)/m/n on 
input line 171.
LaTeX Font Info:    Overwriting math alphabet `\mathit' in version `normal'
(Font)                  OT1/cmr/m/it --> TU/TimesNewRoman(0)/m/it on input line
 171.
LaTeX Font Info:    Overwriting math alphabet `\mathbf' in version `normal'
(Font)                  OT1/cmr/bx/n --> TU/TimesNewRoman(0)/b/n on input line 
171.
LaTeX Font Info:    Overwriting math alphabet `\mathsf' in version `normal'
(Font)                  OT1/cmss/m/n --> TU/Arial(0)/m/n on input line 171.
LaTeX Font Info:    Overwriting math alphabet `\mathtt' in version `normal'
(Font)                  OT1/cmtt/m/n --> TU/CourierNew(0)/m/n on input line 171
.
LaTeX Font Info:    Overwriting symbol font `operators' in version `bold'
(Font)                  TU/TimesNewRoman(0)/m/n --> TU/TimesNewRoman(0)/b/n on 
input line 171.
LaTeX Font Info:    Overwriting math alphabet `\mathit' in version `bold'
(Font)                  OT1/cmr/bx/it --> TU/TimesNewRoman(0)/b/it on input lin
e 171.
LaTeX Font Info:    Overwriting math alphabet `\mathsf' in version `bold'
(Font)                  OT1/cmss/bx/n --> TU/Arial(0)/b/n on input line 171.
LaTeX Font Info:    Overwriting math alphabet `\mathtt' in version `bold'
(Font)                  OT1/cmtt/m/n --> TU/CourierNew(0)/b/n on input line 171
.

*geometry* driver: auto-detecting
*geometry* detected driver: xetex
*geometry* verbose mode - [ preamble ] result:
* driver: xetex
* paper: a4paper
* layout: <same size as paper>
* layoutoffset:(h,v)=(0.0pt,0.0pt)
* modes: 
* h-part:(L,W,R)=(85.35826pt, 469.47049pt, 42.67912pt)
* v-part:(T,H,B)=(56.9055pt, 731.23584pt, 56.9055pt)
* \paperwidth=597.50787pt
* \paperheight=845.04684pt
* \textwidth=469.47049pt
* \textheight=731.23584pt
* \oddsidemargin=13.08827pt
* \evensidemargin=13.08827pt
* \topmargin=-54.36449pt
* \headheight=14.0pt
* \headsep=25.0pt
* \topskip=14.0pt
* \footskip=30.0pt
* \marginparwidth=15.0pt
* \marginparsep=10.0pt
* \columnsep=10.0pt
* \skip\footins=12.0pt plus 4.0pt minus 2.0pt
* \hoffset=0.0pt
* \voffset=0.0pt
* \mag=1000
* \@twocolumnfalse
* \@twosidefalse
* \@mparswitchfalse
* \@reversemarginfalse
* (1in=72.27pt=25.4mm, 1cm=28.453pt)

Package caption Info: Begin \AtBeginDocument code.
Package caption Info: float package is loaded.
Package caption Info: hyperref package is loaded.
Package caption Info: listings package is loaded.
Package caption Info: longtable package is loaded.
(/usr/local/texlive/2025/texmf-dist/tex/latex/caption/ltcaption.sty
Package: ltcaption 2021/01/08 v1.4c longtable captions (AR)
)
Package caption Info: End \AtBeginDocument code.

(/usr/local/texlive/2025/texmf-dist/tex/latex/graphics/color.sty
Package: color 2024/06/23 v1.3e Standard LaTeX Color (DPC)

(/usr/local/texlive/2025/texmf-dist/tex/latex/graphics-cfg/color.cfg
File: color.cfg 2016/01/02 v1.6 sample color configuration
)
Package color Info: Driver file: xetex.def on input line 149.

(/usr/local/texlive/2025/texmf-dist/tex/latex/graphics/mathcolor.ltx))
Package hyperref Info: Link coloring ON on input line 171.

(./main.out) (./main.out)
\@outlinefile=\write4
\openout4 = `main.out'.

Package biblatex Info: Trying to load language 'american' -> 'american-gost'...

Package biblatex Info: ... file 'american-gost.lbx' found.

(/usr/local/texlive/2025/texmf-dist/tex/latex/biblatex-gost/american-gost.lbx
File: american-gost.lbx 2023/04/25 v1.24 biblatex-gost styles
Package biblatex Info: Trying to load language 'american'...
Package biblatex Info: ... file 'american.lbx' found.

(/usr/local/texlive/2025/texmf-dist/tex/latex/biblatex/lbx/american.lbx
File: american.lbx 2024/03/21 v3.20 biblatex localization (PK/MW)
Package biblatex Info: Trying to load language 'english' -> 'english-gost'...
Package biblatex Info: ... file 'english-gost.lbx' found.

(/usr/local/texlive/2025/texmf-dist/tex/latex/biblatex-gost/english-gost.lbx
File: english-gost.lbx 2023/04/25 v1.24 biblatex-gost styles
Package biblatex Info: Trying to load language 'english'...
Package biblatex Info: ... file 'english.lbx' found.

(/usr/local/texlive/2025/texmf-dist/tex/latex/biblatex/lbx/english.lbx
File: english.lbx 2024/03/21 v3.20 biblatex localization (PK/MW)
)))
Package biblatex Info: Trying to load language 'american'...
Package biblatex Info: ... file 'american.lbx' found.

(/usr/local/texlive/2025/texmf-dist/tex/latex/biblatex/lbx/american.lbx
File: american.lbx 2024/03/21 v3.20 biblatex localization (PK/MW)
Package biblatex Info: Trying to load language 'english' -> 'english-gost'...
Package biblatex Info: ... file 'english-gost.lbx' found.

(/usr/local/texlive/2025/texmf-dist/tex/latex/biblatex-gost/english-gost.lbx
File: english-gost.lbx 2023/04/25 v1.24 biblatex-gost styles
Package biblatex Info: Trying to load language 'english'...
Package biblatex Info: ... file 'english.lbx' found.

(/usr/local/texlive/2025/texmf-dist/tex/latex/biblatex/lbx/english.lbx
File: english.lbx 2024/03/21 v3.20 biblatex localization (PK/MW)
))))
Package biblatex Info: Trying to load language 'russian' -> 'russian-gost'...
Package biblatex Info: ... file 'russian-gost.lbx' found.

(/usr/local/texlive/2025/texmf-dist/tex/latex/biblatex-gost/russian-gost.lbx
File: russian-gost.lbx 2023/04/25 v1.24 biblatex-gost styles
Package biblatex Info: Trying to load language 'russian'...
Package biblatex Info: ... file 'russian.lbx' found.

(/usr/local/texlive/2025/texmf-dist/tex/latex/biblatex/lbx/russian.lbx
File: russian.lbx 2024/03/21 v3.20 biblatex localization (PK/MW)
)
Package biblatex Info: Trying to load language 'russian'...
Package biblatex Info: ... file 'russian.lbx' found.

(/usr/local/texlive/2025/texmf-dist/tex/latex/biblatex/lbx/russian.lbx
File: russian.lbx 2024/03/21 v3.20 biblatex localization (PK/MW)
))
Package biblatex Info: XeTeX detected.
(biblatex)             Assuming input encoding 'utf8'.
Package biblatex Info: Automatic encoding selection.
(biblatex)             Assuming data encoding 'utf8'.
\openout3 = `main.bcf'.

Package biblatex Info: Trying to load bibliographic data...
Package biblatex Info: ... file 'main.bbl' found.

(./main.bbl)
Package biblatex Info: Reference section=0 on input line 171.
Package biblatex Info: Reference segment=0 on input line 171.
\c@lstlisting=\count491
 (./main.toc
LaTeX Font Info:    Trying to load font information for U+msa on input line 2.

(/usr/local/texlive/2025/texmf-dist/tex/latex/amsfonts/umsa.fd
File: umsa.fd 2013/01/14 v3.01 AMS symbols A
)
LaTeX Font Info:    Trying to load font information for U+msb on input line 2.

(/usr/local/texlive/2025/texmf-dist/tex/latex/amsfonts/umsb.fd
File: umsb.fd 2013/01/14 v3.01 AMS symbols B
))
\tf@toc=\write5
\openout5 = `main.toc'.


Overfull \vbox (240.1317pt too high) has occurred while \output is active []



[2

]

[3]

[4] (./chapters/chapter1.tex

LaTeX Warning: Citation 'hamilton1994time' on page 5 undefined on input line 17
.


LaTeX Warning: Citation 'makridakis2000m3' on page 5 undefined on input line 24
.


LaTeX Warning: Citation 'makridakis2020m4' on page 5 undefined on input line 24
.


LaTeX Warning: Citation 'box1970time' on page 5 undefined on input line 44.



[5]

LaTeX Warning: Citation 'box1970time' on page 6 undefined on input line 57.


LaTeX Warning: Citation 'beveridge1981decomposition' on page 6 undefined on inp
ut line 61.


LaTeX Warning: Citation 'wold1938study' on page 6 undefined on input line 63.


Underfull \hbox (badness 2050) in paragraph at lines 69--73
[]\TU/TimesNewRoman(1)/m/n/14.4 Задачу точечного прогнозирования временного ряд
а можно сфор-
 []


LaTeX Warning: Citation 'hyndman2021forecasting' on page 6 undefined on input l
ine 80.


LaTeX Warning: Citation 'makridakis2000m3' on page 6 undefined on input line 85
.


LaTeX Warning: Citation 'makridakis2020m4' on page 6 undefined on input line 86
.



[6]
Underfull \hbox (badness 4254) in paragraph at lines 113--114
[]\TU/TimesNewRoman(1)/b/n/14.4 Среднеквадратическая ошибка \TU/TimesNewRoman(1
)/m/n/14.4 (MSE) и её квадратный корень
 []


LaTeX Warning: Citation 'goodfellow2016deep' on page 7 undefined on input line 
121.


Underfull \hbox (badness 10000) in paragraph at lines 119--122
\TU/TimesNewRoman(1)/m/n/14.4 MSE штрафует большие отклонения сильнее, чем MAE,
 и широ-
 []


Underfull \hbox (badness 10000) in paragraph at lines 119--122
\TU/TimesNewRoman(1)/m/n/14.4 ко используется как функция потерь при обучении н
ейронных се-
 []


LaTeX Warning: Citation 'makridakis2000m3' on page 7 undefined on input line 13
9.


LaTeX Warning: Citation 'hyndman2006accuracy' on page 7 undefined on input line
 142.


Underfull \hbox (badness 10000) in paragraph at lines 137--143
\TU/TimesNewRoman(1)/m/n/14.4 sMAPE была выбрана в качестве основной метрики со
ревнования
 []


Underfull \hbox (badness 10000) in paragraph at lines 137--143
\TU/TimesNewRoman(1)/m/n/14.4 M3 [[]] благодаря симметрии относительно знака
 []


Underfull \hbox (badness 10000) in paragraph at lines 137--143
\TU/TimesNewRoman(1)/m/n/14.4 ошибки и ограниченности сверху величиной 200%. Те
м не менее
 []



[7]

LaTeX Warning: Citation 'hyndman2006accuracy' on page 8 undefined on input line
 152.


Underfull \hbox (badness 2903) in paragraph at lines 149--158
\TU/TimesNewRoman(1)/m/n/14.4 ром [[]] как масштабно-инвариантная альтернатива
 []


LaTeX Warning: Citation 'box1970time' on page 8 undefined on input line 170.


Underfull \hbox (badness 10000) in paragraph at lines 168--173
\TU/TimesNewRoman(1)/m/n/14.4 Построение модели осуществляется в рамках методол
огии Бокса–
 []


Underfull \hbox (badness 3029) in paragraph at lines 168--173
\TU/TimesNewRoman(1)/m/n/14.4 Дженкинса, включающей три этапа: идентификацию по
рядков, оценку
 []


LaTeX Warning: Citation 'hamilton1994time' on page 8 undefined on input line 18
5.



[8]
Underfull \hbox (badness 2165) in paragraph at lines 197--200
[]\TU/TimesNewRoman(1)/m/n/14.4 Объединяя оба процесса, получают модель ARMA($\
OML/cmm/m/it/14.4 p$\TU/TimesNewRoman(1)/m/n/14.4 ,$\OML/cmm/m/it/14.4 q$\TU/Ti
mesNewRoman(1)/m/n/14.4 ), а приме-
 []


LaTeX Warning: Citation 'box1970time' on page 9 undefined on input line 215.

LaTeX Font Info:    Font shape `TU/PTMono(0)/m/n' will be
(Font)              scaled to size 12.24008pt on input line 221.

LaTeX Warning: Citation 'hyndman2008expsmoothing' on page 9 undefined on input 
line 224.


Underfull \hbox (badness 5908) in paragraph at lines 217--226
\TU/TimesNewRoman(1)/m/n/14.4 функций, однако для массового прогнозирования сот
ен и тысяч ря-
 []


Underfull \hbox (badness 2150) in paragraph at lines 217--226
\TU/TimesNewRoman(1)/m/n/14.4 томатический алгоритм \TU/PTMono(0)/m/n/14.4 auto
_arima\TU/TimesNewRoman(1)/m/n/14.4 , реализованный в пакете \TU/PTMono(0)/m/n/
14.4 forecast
 []


Underfull \hbox (badness 2277) in paragraph at lines 217--226
\TU/TimesNewRoman(1)/m/n/14.4 для R и в библиотеке \TU/PTMono(0)/m/n/14.4 pmdar
ima \TU/TimesNewRoman(1)/m/n/14.4 для Python, осуществляет последова-
 []


Underfull \hbox (badness 2261) in paragraph at lines 217--226
\TU/TimesNewRoman(1)/m/n/14.4 тельный перебор моделей с минимизацией информацио
нного критерия
 []


LaTeX Warning: Citation 'makridakis2000m3' on page 9 undefined on input line 22
7.


LaTeX Warning: Citation 'makridakis2020m4' on page 9 undefined on input line 22
8.


Overfull \hbox (37.22423pt too wide) in paragraph at lines 227--237
[]\TU/TimesNewRoman(1)/m/n/14.4 Результаты соревнований M3 [[]] и M4 [[]]
 []



[9]

LaTeX Warning: Citation 'holt2004forecasting' on page 10 undefined on input lin
e 243.


LaTeX Warning: Citation 'winters1960forecasting' on page 10 undefined on input 
line 244.


LaTeX Warning: Citation 'hyndman2002ets' on page 10 undefined on input line 276
.


LaTeX Warning: Citation 'hyndman2008expsmoothing' on page 10 undefined on input
 line 284.



[10]

LaTeX Warning: Citation 'delivera2011tbats' on page 11 undefined on input line 
291.


Underfull \hbox (badness 2302) in paragraph at lines 286--295
\TU/TimesNewRoman(1)/m/n/14.4 пе спецификации модели. Это делает ETS формой \TU
/TimesNewRoman(1)/m/it/14.4 фиксированной де-
 []


Underfull \hbox (badness 3158) in paragraph at lines 286--295
\TU/TimesNewRoman(1)/m/it/14.4 композиции\TU/TimesNewRoman(1)/m/n/14.4 : структ
ура компонент (аддитивная или мультипликативная)
 []


LaTeX Warning: Citation 'makridakis2000m3' on page 11 undefined on input line 2
97.


LaTeX Warning: Citation 'makridakis2020m4' on page 11 undefined on input line 2
99.


LaTeX Warning: Citation 'smyl2020hybrid' on page 11 undefined on input line 301
.


Underfull \hbox (badness 2529) in paragraph at lines 296--305
\TU/TimesNewRoman(1)/m/n/14.4 а победитель (ES-RNN) [[]] объединил экспоненциал
ьное
 []


LaTeX Warning: Citation 'taylor2018prophet' on page 11 undefined on input line 
310.


Overfull \hbox (13.15749pt too wide) in paragraph at lines 310--312
[]\TU/TimesNewRoman(1)/m/n/14.4 Модель Prophet, разработанная Тейлором и Летамо
м [[]],
 []



[11]

LaTeX Warning: Citation 'makridakis2020m4' on page 12 undefined on input line 3
45.


Underfull \hbox (badness 2582) in paragraph at lines 342--351
[]\TU/TimesNewRoman(1)/m/n/14.4 Prophet привлекателен простотой использования и
 устойчивостью
 []


LaTeX Warning: Citation 'aivazyan1998statistics' on page 12 undefined on input 
line 362.


LaTeX Warning: Citation 'cleveland1990stl' on page 12 undefined on input line 3
74.



[12]

LaTeX Warning: Citation 'percival2000wavelet' on page 13 undefined on input lin
e 390.


LaTeX Warning: Citation 'percival1995wavelet' on page 13 undefined on input lin
e 394.


Underfull \hbox (badness 5345) in paragraph at lines 388--397
[]\TU/TimesNewRoman(1)/m/n/14.4 Ещё один класс фиксированных базисных функций п
редставля-
 []


Underfull \hbox (badness 3471) in paragraph at lines 388--397
\TU/TimesNewRoman(1)/m/n/14.4 ся дискретное вейвлет-преобразование (MODWT) [[]]

 []


Underfull \hbox (badness 2707) in paragraph at lines 388--397
\TU/TimesNewRoman(1)/m/n/14.4 ет определённому диапазону частот. Вейвлет-коэффи
циенты различных
 []


LaTeX Warning: Citation 'zeng2023transformers' on page 13 undefined on input li
ne 415.


Overfull \hbox (5.92577pt too wide) in paragraph at lines 415--418
[]\TU/TimesNewRoman(1)/m/n/14.4 Простейшим примером служит модель DLinear [[]],

 []



[13]

LaTeX Warning: Citation 'oreshkin2020nbeats' on page 14 undefined on input line
 428.


Overfull \hbox (63.1086pt too wide) in paragraph at lines 428--434
[]\TU/TimesNewRoman(1)/m/n/14.4 Более развитый подход реализован в архитектуре 
N-BEATS [[]],
 []


LaTeX Warning: Citation 'wu2021autoformer' on page 14 undefined on input line 4
35.


LaTeX Warning: Citation 'zhou2022fedformer' on page 14 undefined on input line 
441.


LaTeX Warning: Citation 'wu2023timesnet' on page 14 undefined on input line 447
.



[14]

LaTeX Warning: Citation 'vaswani2017attention' on page 15 undefined on input li
ne 473.


Overfull \hbox (44.34106pt too wide) in paragraph at lines 472--476
[]\TU/TimesNewRoman(1)/m/n/14.4 Архитектура Transformer, предложенная Васвани и
 др. [[]],
 []


LaTeX Warning: Citation 'vaswani2017attention' on page 15 undefined on input li
ne 497.


LaTeX Warning: Citation 'he2016resnet' on page 15 undefined on input line 501.


LaTeX Warning: Citation 'ba2016layernorm' on page 15 undefined on input line 50
2.


Underfull \hbox (badness 10000) in paragraph at lines 499--504
[]\TU/TimesNewRoman(1)/m/n/14.4 Полный блок трансформера включает многоголовое 
внимание,
 []


Underfull \hbox (badness 4024) in paragraph at lines 499--504
\TU/TimesNewRoman(1)/m/n/14.4 позиционно- чувствительную полносвязную сеть, ост
аточные соедине-
 []


LaTeX Warning: Citation 'hochreiter1997lstm' on page 15 undefined on input line
 507.


LaTeX Warning: Citation 'salinas2020deepar' on page 15 undefined on input line 
513.



[15]

LaTeX Warning: Citation 'zhou2021informer' on page 16 undefined on input line 5
20.


LaTeX Warning: Citation 'li2019enhancing' on page 16 undefined on input line 52
3.


LaTeX Warning: Citation 'liu2022nonstationary' on page 16 undefined on input li
ne 526.


LaTeX Warning: Citation 'lim2021temporal' on page 16 undefined on input line 53
2.


Underfull \hbox (badness 4765) in paragraph at lines 517--535
[]\TU/TimesNewRoman(1)/m/n/14.4 Однако стандартный механизм внимания имеет вычи
слительную
 []


Underfull \hbox (badness 3009) in paragraph at lines 517--535
\TU/TimesNewRoman(1)/m/n/14.4 пользует механизм ProbSparse attention, выбирающи
й наиболее инфор-
 []


LaTeX Warning: Citation 'wen2023transformers' on page 16 undefined on input lin
e 538.


LaTeX Warning: Citation 'lim2021survey' on page 16 undefined on input line 544.



LaTeX Warning: Citation 'torres2021deep' on page 16 undefined on input line 544
.


LaTeX Warning: Citation 'benidis2022deep' on page 16 undefined on input line 54
4.


LaTeX Warning: Citation 'wen2023transformers' on page 16 undefined on input lin
e 544.


LaTeX Warning: Citation 'hewamalage2021recurrent' on page 16 undefined on input
 line 544.


Underfull \hbox (badness 2970) in paragraph at lines 536--548
[]\TU/TimesNewRoman(1)/m/n/14.4 Важно подчеркнуть, что успешность трансформеров
 в обработке
 []


Underfull \hbox (badness 2158) in paragraph at lines 536--548
\TU/TimesNewRoman(1)/m/n/14.4 естественного языка не гарантирует аналогичных ре
зультатов для вре-
 []


Underfull \hbox (badness 3179) in paragraph at lines 536--548
[]\TU/TimesNewRoman(1)/m/n/14.4 ; []], охватывая как рекур-
 []



[16]

LaTeX Warning: Citation 'wu2021autoformer' on page 17 undefined on input line 5
53.


Underfull \hbox (badness 5985) in paragraph at lines 567--571
\TU/TimesNewRoman(1)/m/n/14.4 На каждом слое промежуточное представление повтор
но разделяется
 []


LaTeX Warning: Citation 'wu2021autoformer' on page 17 undefined on input line 5
85.


LaTeX Warning: Citation 'zhou2022fedformer' on page 17 undefined on input line 
594.



[17]

LaTeX Warning: Citation 'percival2000wavelet' on page 18 undefined on input lin
e 627.


LaTeX Warning: Citation 'nie2023patchtst' on page 18 undefined on input line 63
4.


Underfull \hbox (badness 4981) in paragraph at lines 634--638
[]\TU/TimesNewRoman(1)/m/n/14.4 Архитектура PatchTST [[]] предлагает иной подхо
д
 []



[18]

LaTeX Warning: Citation 'nie2023patchtst' on page 19 undefined on input line 66
1.


LaTeX Warning: Citation 'zeng2023transformers' on page 19 undefined on input li
ne 675.



[19]

LaTeX Warning: Citation 'wen2023transformers' on page 20 undefined on input lin
e 702.


LaTeX Warning: Citation 'oreshkin2020nbeats' on page 20 undefined on input line
 716.


LaTeX Warning: Citation 'he2016resnet' on page 20 undefined on input line 724.



[20]

LaTeX Warning: Citation 'smyl2020hybrid' on page 21 undefined on input line 754
.


LaTeX Warning: Citation 'oreshkin2020nbeats' on page 21 undefined on input line
 756.


LaTeX Warning: Citation 'challu2023nhits' on page 21 undefined on input line 75
7.


LaTeX Warning: Citation 'wu2023timesnet' on page 21 undefined on input line 764
.


LaTeX Warning: Citation 'wu2023timesnet' on page 21 undefined on input line 788
.



[21]

LaTeX Warning: Citation 'percival2000wavelet' on page 22 undefined on input lin
e 805.


LaTeX Warning: Citation 'kehinde2025helformer' on page 22 undefined on input li
ne 812.


LaTeX Warning: Citation 'hochreiter1997lstm' on page 22 undefined on input line
 832.



[22]

LaTeX Warning: Citation 'kehinde2025helformer' on page 23 undefined on input li
ne 852.


Overfull \hbox (25.06839pt too wide) in paragraph at lines 852--858
[]\TU/TimesNewRoman(1)/m/n/14.4 Следует отметить, что в оригинальной публикации
 [[]]
 []


Underfull \hbox (badness 10000) in paragraph at lines 880--880
[]|\TU/TimesNewRoman(1)/b/n/8 Тип де-
 []


Underfull \hbox (badness 10000) in paragraph at lines 884--885
[]|\TU/TimesNewRoman(1)/b/n/8 Условия примене-
 []


Underfull \hbox (badness 10000) in paragraph at lines 888--888
[]|\TU/TimesNewRoman(1)/m/n/8 Фиксиро-
 []


Underfull \hbox (badness 10000) in paragraph at lines 889--889
[]|\TU/TimesNewRoman(1)/m/n/8 Авторегрессия +
 []


Underfull \hbox (badness 10000) in paragraph at lines 890--890
[]|\TU/TimesNewRoman(1)/m/n/8 Обоснованная тео-
 []


Underfull \hbox (badness 10000) in paragraph at lines 890--890
\TU/TimesNewRoman(1)/m/n/8 рия; мало парамет-
 []


Underfull \hbox (badness 10000) in paragraph at lines 890--890
\TU/TimesNewRoman(1)/m/n/8 ров; интерпретируе-
 []


Underfull \hbox (badness 3375) in paragraph at lines 892--893
[]|\TU/TimesNewRoman(1)/m/n/8 Короткие и средние
 []


Underfull \hbox (badness 5359) in paragraph at lines 892--893
\TU/TimesNewRoman(1)/m/n/8 ряды со стационар-
 []


Underfull \hbox (badness 10000) in paragraph at lines 896--896
[]|\TU/TimesNewRoman(1)/m/n/8 Фиксиро-
 []


Underfull \hbox (badness 10000) in paragraph at lines 897--897
[]|\TU/TimesNewRoman(1)/m/n/8 Экспоненциальное
 []


Underfull \hbox (badness 10000) in paragraph at lines 897--897
\TU/TimesNewRoman(1)/m/n/8 сглаживание (уро-
 []


Underfull \hbox (badness 10000) in paragraph at lines 897--897
\TU/TimesNewRoman(1)/m/n/8 вень, тренд, сезон-
 []


Underfull \hbox (badness 10000) in paragraph at lines 898--898
[]|\TU/TimesNewRoman(1)/m/n/8 Автоматический
 []


Underfull \hbox (badness 10000) in paragraph at lines 898--898
\TU/TimesNewRoman(1)/m/n/8 выбор модели;
 []


Underfull \hbox (badness 6268) in paragraph at lines 898--898
\TU/TimesNewRoman(1)/m/n/8 устойчивость; демп-
 []


Underfull \hbox (badness 7796) in paragraph at lines 899--899
[]|\TU/TimesNewRoman(1)/m/n/8 Один сезонный пе-
 []


Underfull \hbox (badness 10000) in paragraph at lines 899--899
\TU/TimesNewRoman(1)/m/n/8 риод; ограниченная
 []


Underfull \hbox (badness 5847) in paragraph at lines 900--901
\TU/TimesNewRoman(1)/m/n/8 совое прогнозирова-
 []


Underfull \hbox (badness 10000) in paragraph at lines 904--904
[]|\TU/TimesNewRoman(1)/m/n/8 Полу-
 []


Underfull \hbox (badness 10000) in paragraph at lines 904--904
\TU/TimesNewRoman(1)/m/n/8 фиксиро-
 []


Underfull \hbox (badness 10000) in paragraph at lines 906--906
[]|\TU/TimesNewRoman(1)/m/n/8 Множественная
 []


Underfull \hbox (badness 10000) in paragraph at lines 906--906
\TU/TimesNewRoman(1)/m/n/8 сезонность; авто-
 []


Underfull \hbox (badness 10000) in paragraph at lines 906--906
\TU/TimesNewRoman(1)/m/n/8 обнаружение точек
 []


Underfull \hbox (badness 10000) in paragraph at lines 907--907
[]|\TU/TimesNewRoman(1)/m/n/8 Завышенная гиб-
 []


Underfull \hbox (badness 10000) in paragraph at lines 907--907
\TU/TimesNewRoman(1)/m/n/8 чения; чувствитель-
 []


Underfull \hbox (badness 10000) in paragraph at lines 912--912
[]|\TU/TimesNewRoman(1)/m/n/8 Обучаемая
 []


Underfull \hbox (badness 2903) in paragraph at lines 913--913
[]|\TU/TimesNewRoman(1)/m/n/8 Скользящее среднее,
 []


Underfull \hbox (badness 3302) in paragraph at lines 913--913
\TU/TimesNewRoman(1)/m/n/8 затем две линейные
 []


Underfull \hbox (badness 10000) in paragraph at lines 914--914
[]|\TU/TimesNewRoman(1)/m/n/8 Минимальная слож-
 []


Underfull \hbox (badness 10000) in paragraph at lines 914--914
\TU/TimesNewRoman(1)/m/n/8 ность; быстрое
 []


Underfull \hbox (badness 10000) in paragraph at lines 915--915
[]|\TU/TimesNewRoman(1)/m/n/8 Линейность; отсут-
 []


Underfull \hbox (badness 10000) in paragraph at lines 915--915
\TU/TimesNewRoman(1)/m/n/8 ствие взаимодей-
 []


Underfull \hbox (badness 4096) in paragraph at lines 916--917
[]|\TU/TimesNewRoman(1)/m/n/8 Средние и длинные
 []


Underfull \hbox (badness 10000) in paragraph at lines 920--920
[]|\TU/TimesNewRoman(1)/m/n/8 Обучаемая
 []


Underfull \hbox (badness 10000) in paragraph at lines 921--921
[]|\TU/TimesNewRoman(1)/m/n/8 Стек полносвязных
 []


Underfull \hbox (badness 10000) in paragraph at lines 921--921
\TU/TimesNewRoman(1)/m/n/8 блоков + базисное
 []


Underfull \hbox (badness 10000) in paragraph at lines 921--921
\TU/TimesNewRoman(1)/m/n/8 разложение (тренд,
 []


Underfull \hbox (badness 10000) in paragraph at lines 922--922
[]|\TU/TimesNewRoman(1)/m/n/8 Двойной остаток;
 []


Underfull \hbox (badness 10000) in paragraph at lines 922--922
\TU/TimesNewRoman(1)/m/n/8 аналитические
 []


Underfull \hbox (badness 5817) in paragraph at lines 922--922
\TU/TimesNewRoman(1)/m/n/8 базисы; интерпрети-
 []


Underfull \hbox (badness 10000) in paragraph at lines 923--923
[]|\TU/TimesNewRoman(1)/m/n/8 Большое число па-
 []


Underfull \hbox (badness 10000) in paragraph at lines 923--923
\TU/TimesNewRoman(1)/m/n/8 раметров; обучение
 []


Underfull \hbox (badness 10000) in paragraph at lines 923--923
\TU/TimesNewRoman(1)/m/n/8 на одном ряду —
 []


Underfull \hbox (badness 4096) in paragraph at lines 924--925
[]|\TU/TimesNewRoman(1)/m/n/8 Средние и длинные
 []


Underfull \hbox (badness 5607) in paragraph at lines 924--925
\TU/TimesNewRoman(1)/m/n/8 ряды при достаточ-
 []


Underfull \hbox (badness 10000) in paragraph at lines 928--928
[]|\TU/TimesNewRoman(1)/m/n/8 Обучаемая
 []


Overfull \hbox (1.12166pt too wide) in paragraph at lines 928--928
\TU/TimesNewRoman(1)/m/n/8 (прогрессив-
 []


Underfull \hbox (badness 10000) in paragraph at lines 929--929
[]|\TU/TimesNewRoman(1)/m/n/8 Скользящее среднее
 []


Underfull \hbox (badness 10000) in paragraph at lines 929--929
\TU/TimesNewRoman(1)/m/n/8 на каждом слое +
 []


Underfull \hbox (badness 10000) in paragraph at lines 930--930
[]|\TU/TimesNewRoman(1)/m/n/8 Послойное вы-
 []


Underfull \hbox (badness 10000) in paragraph at lines 930--930
\TU/TimesNewRoman(1)/m/n/8 деление тренда;
 []


Underfull \hbox (badness 10000) in paragraph at lines 930--930
\TU/TimesNewRoman(1)/m/n/8 подсерийная агрега-
 []


Underfull \hbox (badness 10000) in paragraph at lines 931--931
[]|\TU/TimesNewRoman(1)/m/n/8 Сложная архитекту-
 []


Underfull \hbox (badness 10000) in paragraph at lines 931--931
\TU/TimesNewRoman(1)/m/n/8 ра; нестабильность
 []


Underfull \hbox (badness 3000) in paragraph at lines 932--933
\TU/TimesNewRoman(1)/m/n/8 раженной трендовой
 []


Underfull \hbox (badness 2150) in paragraph at lines 932--933
\TU/TimesNewRoman(1)/m/n/8 и сезонной структу-
 []


Underfull \hbox (badness 10000) in paragraph at lines 936--936
[]|\TU/TimesNewRoman(1)/m/n/8 Обучаемая
 []


Underfull \hbox (badness 10000) in paragraph at lines 937--937
[]|\TU/TimesNewRoman(1)/m/n/8 Прогрессивная
 []


Underfull \hbox (badness 10000) in paragraph at lines 937--937
\TU/TimesNewRoman(1)/m/n/8 чайный выбор мод
 []


Underfull \hbox (badness 10000) in paragraph at lines 938--938
\TU/TimesNewRoman(1)/m/n/8 частотная селекция;
 []


Underfull \hbox (badness 10000) in paragraph at lines 945--945
[]|\TU/TimesNewRoman(1)/m/n/8 Патчи + ваниль-
 []


Underfull \hbox (badness 10000) in paragraph at lines 945--945
\TU/TimesNewRoman(1)/m/n/8 ный трансформер
 []


Underfull \hbox (badness 10000) in paragraph at lines 947--947
\TU/TimesNewRoman(1)/m/n/8 зиции; зависимость
 []


Underfull \hbox (badness 10000) in paragraph at lines 952--952
[]|\TU/TimesNewRoman(1)/m/n/8 Неявная
 []


Underfull \hbox (badness 10000) in paragraph at lines 952--952
\TU/TimesNewRoman(1)/m/n/8 (много-
 []


Overfull \hbox (0.98103pt too wide) in paragraph at lines 952--952
\TU/TimesNewRoman(1)/m/n/8 масштабная)| 
 []


Underfull \hbox (badness 10000) in paragraph at lines 953--953
[]|\TU/TimesNewRoman(1)/m/n/8 Адаптивные перио-
 []


Underfull \hbox (badness 10000) in paragraph at lines 953--953
\TU/TimesNewRoman(1)/m/n/8 ды, преобразование
 []


Underfull \hbox (badness 10000) in paragraph at lines 954--954
[]|\TU/TimesNewRoman(1)/m/n/8 Многомасштабная
 []


Underfull \hbox (badness 10000) in paragraph at lines 954--954
\TU/TimesNewRoman(1)/m/n/8 адаптивность; уни-
 []


Underfull \hbox (badness 10000) in paragraph at lines 955--955
[]|\TU/TimesNewRoman(1)/m/n/8 Вычислительная
 []


Underfull \hbox (badness 10000) in paragraph at lines 960--960
[]|\TU/TimesNewRoman(1)/m/n/8 Фиксиро-
 []


Underfull \hbox (badness 10000) in paragraph at lines 960--960
\TU/TimesNewRoman(1)/m/n/8 ванная +
 []


Underfull \hbox (badness 10000) in paragraph at lines 961--961
[]|\TU/TimesNewRoman(1)/m/n/8 Декомпозиция
 []


Underfull \hbox (badness 10000) in paragraph at lines 961--961
\TU/TimesNewRoman(1)/m/n/8 Холта–Уинтерса
 []


Underfull \hbox (badness 10000) in paragraph at lines 962--962
\TU/TimesNewRoman(1)/m/n/8 прогноз; нейросе-
 []


Underfull \hbox (badness 10000) in paragraph at lines 962--962
\TU/TimesNewRoman(1)/m/n/8 тевая коррекция
 []


Underfull \hbox (badness 10000) in paragraph at lines 963--963
[]|\TU/TimesNewRoman(1)/m/n/8 Зависимость от ка-
 []


Underfull \hbox (badness 10000) in paragraph at lines 963--963
\TU/TimesNewRoman(1)/m/n/8 мультипликативные
 []


Underfull \hbox (badness 10000) in paragraph at lines 964--965
[]|\TU/TimesNewRoman(1)/m/n/8 Ряды с ясной
 []


Underfull \hbox (badness 10000) in paragraph at lines 964--965
\TU/TimesNewRoman(1)/m/n/8 трендово-сезонной
 []


Underfull \hbox (badness 10000) in paragraph at lines 964--965
\TU/TimesNewRoman(1)/m/n/8 структурой; ограни-
 []



[23]

[24]

LaTeX Warning: Citation 'makridakis2000m3' on page 25 undefined on input line 1
001.


LaTeX Warning: Citation 'makridakis2020m4' on page 25 undefined on input line 1
001.


LaTeX Warning: Citation 'zeng2023transformers' on page 25 undefined on input li
ne 1002.



[25]

LaTeX Warning: Citation 'makridakis2000m3' on page 26 undefined on input line 1
025.


LaTeX Warning: Citation 'makridakis2020m4' on page 26 undefined on input line 1
040.


LaTeX Warning: Citation 'smyl2020hybrid' on page 26 undefined on input line 104
2.


LaTeX Warning: Citation 'monteromanso2020fforma' on page 26 undefined on input 
line 1045.


LaTeX Warning: Citation 'oreshkin2020nbeats' on page 26 undefined on input line
 1047.


Underfull \hbox (badness 10000) in paragraph at lines 1040--1049
[]\TU/TimesNewRoman(1)/b/n/14.4 M4 Competition \TU/TimesNewRoman(1)/m/n/14.4 [[
]] масштабировало задачу
 []


Underfull \hbox (badness 7099) in paragraph at lines 1054--1056
[]\TU/TimesNewRoman(1)/m/n/14.4 Гибридные подходы, сочетающие статистическую де
композицию
 []



[26]

LaTeX Warning: Citation 'makridakis2022m5' on page 27 undefined on input line 1
063.


Overfull \hbox (57.03828pt too wide) in paragraph at lines 1062--1069
[]\TU/TimesNewRoman(1)/m/n/14.4 Серия M-Competition была продолжена соревновани
ем \TU/TimesNewRoman(1)/b/n/14.4 M5 \TU/TimesNewRoman(1)/m/n/14.4 [[]],
 []


LaTeX Warning: Citation 'godahewa2021monash' on page 27 undefined on input line
 1072.


Overfull \hbox (51.99501pt too wide) in paragraph at lines 1070--1077
\TU/TimesNewRoman(1)/m/n/14.4 нения методов стал Monash Time Series Forecasting
 Archive [[]] —
 []



[27]

LaTeX Warning: Citation 'makridakis2000m3' on page 28 undefined on input line 1
113.


LaTeX Warning: Citation 'makridakis2020m4' on page 28 undefined on input line 1
113.


LaTeX Warning: Citation 'zeng2023transformers' on page 28 undefined on input li
ne 1114.


LaTeX Warning: Citation 'godahewa2021monash' on page 28 undefined on input line
 1123.


Underfull \hbox (badness 3098) in paragraph at lines 1118--1126
[]\TU/TimesNewRoman(1)/m/n/14.4 В-третьих, существует пробел в систематическом 
сравнении раз-
 []


Underfull \hbox (badness 10000) in paragraph at lines 1118--1126
\TU/TimesNewRoman(1)/m/n/14.4 ных экспериментальных условиях, особенно при обуч
ении моделей
 []


Underfull \hbox (badness 10000) in paragraph at lines 1118--1126
\TU/TimesNewRoman(1)/m/n/14.4 дартизованных архивов, таких как Monash Time Seri
es Forecasting
 []


Underfull \hbox (badness 6063) in paragraph at lines 1118--1126
\TU/TimesNewRoman(1)/m/n/14.4 Archive [[]], создаёт необходимую инфраструктуру
 []



[28]) (./chapters/chapter2.tex

[29]

LaTeX Warning: Citation 'makridakis2000m3' on page 30 undefined on input line 2
4.


LaTeX Warning: Citation 'makridakis2020m4' on page 30 undefined on input line 2
5.


Underfull \hbox (badness 4634) in paragraph at lines 23--26
[]\TU/TimesNewRoman(1)/m/n/14.4 В качестве экспериментальной базы используются 
два наиболее
 []


Underfull \hbox (badness 7238) in paragraph at lines 23--26
\TU/TimesNewRoman(1)/m/n/14.4 авторитетных набора данных для одномерного прогно
зирования: M3
 []


LaTeX Warning: Citation 'makridakis2000m3' on page 30 undefined on input line 5
4.


LaTeX Warning: Citation 'makridakis2020m4' on page 30 undefined on input line 5
4.


Underfull \hbox (badness 2790) in paragraph at lines 51--56
[]\TU/TimesNewRoman(1)/b/n/14.4 Разбиение. \TU/TimesNewRoman(1)/m/n/14.4 Для ка
ждого ряда последние $\OML/cmm/m/it/14.4 H$ \TU/TimesNewRoman(1)/m/n/14.4 значе
ний выделяют-
 []



[30]

LaTeX Warning: Citation 'bandara2020forecasting' on page 31 undefined on input 
line 94.


LaTeX Warning: Citation 'kingma2015adam' on page 31 undefined on input line 102
.



[31]

LaTeX Warning: Citation 'hyndman2006accuracy' on page 32 undefined on input lin
e 132.


Overfull \hbox (32.3766pt too wide) in paragraph at lines 131--133
[]\TU/TimesNewRoman(1)/m/n/14.4 sMAPE — основная метрика соревнований M3/M4 [[]
]; 
 []


LaTeX Warning: Citation 'hyndman2006accuracy' on page 32 undefined on input lin
e 137.



[32]
Underfull \hbox (badness 2726) in paragraph at lines 192--202
\TU/TimesNewRoman(1)/m/n/14.4 сированной HW-декомпозиции. Примечательна катастр
офическая ошиб-
 []


Underfull \hbox (badness 2503) in paragraph at lines 192--202
\TU/TimesNewRoman(1)/m/n/14.4 стрируя способность двумерной декомпозиции адапти
роваться к смене
 []

File: figures/synth_seasonal.png Graphic file (type bmp)
<figures/synth_seasonal.png>


[33]
File: figures/synth_trend_seasonal.png Graphic file (type bmp)
<figures/synth_trend_seasonal.png>
File: figures/synth_complex.png Graphic file (type bmp)
<figures/synth_complex.png>


[34]

[35]

LaTeX Warning: Citation 'makridakis2000m3' on page 36 undefined on input line 3
03.


Underfull \hbox (badness 5924) in paragraph at lines 300--307
[]\TU/TimesNewRoman(1)/m/it/14.4 ETS — лучшая чисто статистическая модель. \TU/
TimesNewRoman(1)/m/n/14.4 Среди моделей
 []


Underfull \hbox (badness 10000) in paragraph at lines 300--307
\TU/TimesNewRoman(1)/m/n/14.4 sMAPE, 1.47 MASE), что согласуется с результатами
 соревнований
 []



[36]
File: figures/bar_m3_by_freq.png Graphic file (type bmp)
<figures/bar_m3_by_freq.png>


[37]
File: figures/bar_m3_full.png Graphic file (type bmp)
<figures/bar_m3_full.png>
File: figures/m3_yearly_T352.png Graphic file (type bmp)
<figures/m3_yearly_T352.png>


[38]
File: figures/m3_quarterly_T478.png Graphic file (type bmp)
<figures/m3_quarterly_T478.png>
File: figures/m3_monthly_T779.png Graphic file (type bmp)
<figures/m3_monthly_T779.png>


[39]

[40]

[41]

[42]
File: figures/bar_m4_daily_full.png Graphic file (type bmp)
<figures/bar_m4_daily_full.png>

Underfull \hbox (badness 10000) in paragraph at lines 579--585
[]\TU/TimesNewRoman(1)/m/n/14.4 На ежедневных рядах DLinear (2.43) впервые опер
ежает ETS
 []

File: figures/m4_quarterly_Q2061.png Graphic file (type bmp)
<figures/m4_quarterly_Q2061.png>


[43]
File: figures/m4_monthly_M4124.png Graphic file (type bmp)
<figures/m4_monthly_M4124.png>
File: figures/m4_daily_D362.png Graphic file (type bmp)
<figures/m4_daily_D362.png>


[44]

[45]

[46]

[47]
File: figures/heatmap_smape.png Graphic file (type bmp)
<figures/heatmap_smape.png>
File: figures/heatmap_rank.png Graphic file (type bmp)
<figures/heatmap_rank.png>


[48]

LaTeX Warning: Citation 'zeng2023transformers' on page 49 undefined on input li
ne 811.


LaTeX Warning: Citation 'cerqueira2020evaluating' on page 49 undefined on input
 line 842.



[49]
Underfull \hbox (badness 10000) in paragraph at lines 872--881
[]\TU/TimesNewRoman(1)/m/n/14.4 Классические модели практически нечувствительны
 к переходу
 []



[50]
File: figures/rollout_m3_quarterly_T478.png Graphic file (type bmp)
<figures/rollout_m3_quarterly_T478.png>


[51]
File: figures/rollout_m3_monthly_T779.png Graphic file (type bmp)
<figures/rollout_m3_monthly_T779.png>


LaTeX Warning: Citation 'bandara2020forecasting' on page 52 undefined on input 
line 960.



[52]

[53]

[54]

[55]
Overfull \hbox (7.59341pt too wide) in paragraph at lines 1145--1151
[]\TU/TimesNewRoman(1)/m/it/14.4 TimesNet с предобучением (13.68) превосходит E
TS (17.42) на M3 monthly.
 []



[56]
File: figures/pretrain_effect_all.png Graphic file (type bmp)
<figures/pretrain_effect_all.png>


[57]

LaTeX Warning: Citation 'wu2023timesnet' on page 58 undefined on input line 121
3.


LaTeX Warning: Citation 'oreshkin2020nbeats' on page 58 undefined on input line
 1220.


Underfull \hbox (badness 10000) in paragraph at lines 1219--1225
\TU/TimesNewRoman(1)/m/n/14.4 стеков [[]] демонстрирует среднее улучшение лишь
 []


LaTeX Warning: Citation 'nie2023patchtst' on page 58 undefined on input line 12
34.


LaTeX Warning: Citation 'liu2024itransformer' on page 58 undefined on input lin
e 1234.

File: figures/pretrain_m3_monthly_patchtst_T779.png Graphic file (type bmp)
<figures/pretrain_m3_monthly_patchtst_T779.png>


[58]
File: figures/pretrain_m3_monthly_autoformer_T779.png Graphic file (type bmp)
<figures/pretrain_m3_monthly_autoformer_T779.png>

Underfull \hbox (badness 10000) in paragraph at lines 1258--1268
\TU/TimesNewRoman(1)/m/n/14.4 показала лучшие метрики на подвыборке M3 (sMAPE 1
0.61,
 []



[59]
Underfull \hbox (badness 10000) in paragraph at lines 1278--1287
\TU/TimesNewRoman(1)/m/n/14.4 FEDformer (ранг 9.50) проигрывают более простым N
-BEATS
 []


Underfull \hbox (badness 2096) in paragraph at lines 1278--1287
\TU/TimesNewRoman(1)/m/n/14.4 (ранг 6.67) и TimesNet (ранг 6.50). Однако гибрид
ный Helformer
 []


Underfull \hbox (badness 2065) in paragraph at lines 1278--1287
\TU/TimesNewRoman(1)/m/n/14.4 быть эффективной при наличии качественной фиксиро
ванной де-
 []


Underfull \hbox (badness 2564) in paragraph at lines 1278--1287
\TU/TimesNewRoman(1)/m/n/14.4 композиции. Масштабный эксперимент с предобучение
м на пяти
 []



[60]) (./chapters/conclusion.tex

[61]

[62]

[63])

[64]

LaTeX Warning: Empty bibliography on input line 216.

(./main.aux)
 ***********
LaTeX2e <2024-11-01> patch level 2
L3 programming layer <2025-01-18>
 ***********


LaTeX Warning: There were undefined references.

Package rerunfilecheck Info: File `main.out' has not changed.
(rerunfilecheck)             Checksum: B21F6544AE4D4F2A551F6FDBC92C4390;10804.

Package biblatex Warning: Please (re)run Biber on the file:
(biblatex)                main
(biblatex)                and rerun LaTeX afterwards.

Package logreq Info: Writing requests to 'main.run.xml'.
\openout1 = `main.run.xml'.

 ) 
Here is how much of TeX's memory you used:
 26406 strings out of 473832
 524137 string characters out of 5729482
 1633243 words of memory out of 5000000
 49052 multiletter control sequences out of 15000+600000
 570407 words of font info for 148 fonts, out of 8000000 for 9000
 1348 hyphenation exceptions out of 8191
 79i,12n,96p,693b,5468s stack positions out of 10000i,1000n,20000p,200000b,200000s

Output written on main.pdf (63 pages).
